mode: set
github.com/jordiprats/iamctl/cmd/check_access.go:9.41,78.55 1 1
github.com/jordiprats/iamctl/cmd/check_access.go:78.55,85.20 5 1
github.com/jordiprats/iamctl/cmd/check_access.go:86.49,89.15 2 0
github.com/jordiprats/iamctl/cmd/check_access.go:90.45,92.40 1 0
github.com/jordiprats/iamctl/cmd/check_access.go:92.40,95.6 2 0
github.com/jordiprats/iamctl/cmd/check_access.go:96.66,98.42 1 0
github.com/jordiprats/iamctl/cmd/check_access.go:98.42,101.6 2 0
github.com/jordiprats/iamctl/cmd/check_access.go:104.4,105.21 2 1
github.com/jordiprats/iamctl/cmd/check_access.go:105.21,107.5 1 1
github.com/jordiprats/iamctl/cmd/check_access.go:110.4,110.42 1 1
github.com/jordiprats/iamctl/cmd/check_access.go:110.42,111.25 1 1
github.com/jordiprats/iamctl/cmd/check_access.go:111.25,113.6 1 1
github.com/jordiprats/iamctl/cmd/check_access.go:114.5,114.25 1 1
github.com/jordiprats/iamctl/cmd/check_access.go:114.25,116.6 1 1
github.com/jordiprats/iamctl/cmd/check_access.go:117.5,117.54 1 1
github.com/jordiprats/iamctl/cmd/check_access.go:121.4,122.24 2 1
github.com/jordiprats/iamctl/cmd/check_access.go:122.24,124.5 1 1
github.com/jordiprats/iamctl/cmd/check_access.go:125.4,125.22 1 1
github.com/jordiprats/iamctl/cmd/check_access.go:125.22,127.5 1 1
github.com/jordiprats/iamctl/cmd/check_access.go:128.4,128.24 1 1
github.com/jordiprats/iamctl/cmd/check_access.go:128.24,130.5 1 1
github.com/jordiprats/iamctl/cmd/check_access.go:132.4,132.21 1 1
github.com/jordiprats/iamctl/cmd/check_access.go:132.21,134.5 1 1
github.com/jordiprats/iamctl/cmd/check_access.go:137.4,137.41 1 1
github.com/jordiprats/iamctl/cmd/check_access.go:137.41,139.5 1 1
github.com/jordiprats/iamctl/cmd/check_access.go:142.4,144.75 3 1
github.com/jordiprats/iamctl/cmd/check_access.go:144.75,146.5 1 1
github.com/jordiprats/iamctl/cmd/check_access.go:149.4,150.42 2 1
github.com/jordiprats/iamctl/cmd/check_access.go:150.42,152.5 1 1
github.com/jordiprats/iamctl/cmd/check_access.go:155.4,156.94 2 1
github.com/jordiprats/iamctl/cmd/check_access.go:156.94,158.5 1 1
github.com/jordiprats/iamctl/cmd/check_access.go:161.4,161.24 1 1
github.com/jordiprats/iamctl/cmd/check_access.go:161.24,163.5 1 1
github.com/jordiprats/iamctl/cmd/check_access.go:164.4,164.22 1 1
github.com/jordiprats/iamctl/cmd/check_access.go:164.22,166.5 1 0
github.com/jordiprats/iamctl/cmd/check_access.go:167.4,167.24 1 1
github.com/jordiprats/iamctl/cmd/check_access.go:167.24,169.5 1 1
github.com/jordiprats/iamctl/cmd/check_access.go:170.4,170.42 1 1
github.com/jordiprats/iamctl/cmd/check_access.go:175.2,191.12 10 1
github.com/jordiprats/iamctl/cmd/check_access_action.go:14.65,16.18 2 1
github.com/jordiprats/iamctl/cmd/check_access_action.go:16.18,18.3 1 1
github.com/jordiprats/iamctl/cmd/check_access_action.go:20.2,21.16 2 1
github.com/jordiprats/iamctl/cmd/check_access_action.go:21.16,23.3 1 0
github.com/jordiprats/iamctl/cmd/check_access_action.go:25.2,28.33 3 1
github.com/jordiprats/iamctl/cmd/check_access_action.go:28.33,29.39 1 1
github.com/jordiprats/iamctl/cmd/check_access_action.go:29.39,31.4 1 1
github.com/jordiprats/iamctl/cmd/check_access_action.go:32.3,32.43 1 1
github.com/jordiprats/iamctl/cmd/check_access_action.go:32.43,34.33 2 1
github.com/jordiprats/iamctl/cmd/check_access_action.go:34.33,36.5 1 1
github.com/jordiprats/iamctl/cmd/check_access_action.go:36.10,38.5 1 0
github.com/jordiprats/iamctl/cmd/check_access_action.go:39.9,42.4 2 1
github.com/jordiprats/iamctl/cmd/check_access_action.go:45.2,45.15 1 1
github.com/jordiprats/iamctl/cmd/check_access_action.go:45.15,47.3 1 1
github.com/jordiprats/iamctl/cmd/check_access_action.go:48.2,48.12 1 1
github.com/jordiprats/iamctl/cmd/check_access_cf.go:37.64,43.16 5 1
github.com/jordiprats/iamctl/cmd/check_access_cf.go:43.16,45.3 1 1
github.com/jordiprats/iamctl/cmd/check_access_cf.go:47.2,48.16 2 1
github.com/jordiprats/iamctl/cmd/check_access_cf.go:48.16,50.3 1 0
github.com/jordiprats/iamctl/cmd/check_access_cf.go:52.2,53.16 2 1
github.com/jordiprats/iamctl/cmd/check_access_cf.go:53.16,55.3 1 0
github.com/jordiprats/iamctl/cmd/check_access_cf.go:58.2,58.20 1 1
github.com/jordiprats/iamctl/cmd/check_access_cf.go:58.20,60.27 2 1
github.com/jordiprats/iamctl/cmd/check_access_cf.go:60.27,61.31 1 0
github.com/jordiprats/iamctl/cmd/check_access_cf.go:61.31,63.5 1 0
github.com/jordiprats/iamctl/cmd/check_access_cf.go:65.3,66.30 2 1
github.com/jordiprats/iamctl/cmd/check_access_cf.go:66.30,67.31 1 1
github.com/jordiprats/iamctl/cmd/check_access_cf.go:67.31,69.5 1 1
github.com/jordiprats/iamctl/cmd/check_access_cf.go:71.3,71.60 1 1
github.com/jordiprats/iamctl/cmd/check_access_cf.go:71.60,73.28 2 1
github.com/jordiprats/iamctl/cmd/check_access_cf.go:73.28,75.5 1 0
github.com/jordiprats/iamctl/cmd/check_access_cf.go:76.4,76.31 1 1
github.com/jordiprats/iamctl/cmd/check_access_cf.go:76.31,78.5 1 1
github.com/jordiprats/iamctl/cmd/check_access_cf.go:79.4,79.116 1 1
github.com/jordiprats/iamctl/cmd/check_access_cf.go:81.3,82.30 2 1
github.com/jordiprats/iamctl/cmd/check_access_cf.go:85.2,85.43 1 1
github.com/jordiprats/iamctl/cmd/check_access_cf.go:85.43,88.3 2 0
github.com/jordiprats/iamctl/cmd/check_access_cf.go:91.2,93.29 2 1
github.com/jordiprats/iamctl/cmd/check_access_cf.go:93.29,95.17 2 0
github.com/jordiprats/iamctl/cmd/check_access_cf.go:95.17,97.4 1 0
github.com/jordiprats/iamctl/cmd/check_access_cf.go:98.3,98.15 1 0
github.com/jordiprats/iamctl/cmd/check_access_cf.go:98.15,100.4 1 0
github.com/jordiprats/iamctl/cmd/check_access_cf.go:103.2,103.31 1 1
github.com/jordiprats/iamctl/cmd/check_access_cf.go:103.31,105.17 2 1
github.com/jordiprats/iamctl/cmd/check_access_cf.go:105.17,107.4 1 1
github.com/jordiprats/iamctl/cmd/check_access_cf.go:108.3,108.15 1 1
github.com/jordiprats/iamctl/cmd/check_access_cf.go:108.15,110.4 1 1
github.com/jordiprats/iamctl/cmd/check_access_cf.go:113.2,114.29 2 1
github.com/jordiprats/iamctl/cmd/check_access_cf.go:114.29,115.32 1 1
github.com/jordiprats/iamctl/cmd/check_access_cf.go:115.32,117.9 2 0
github.com/jordiprats/iamctl/cmd/check_access_cf.go:121.2,121.16 1 1
github.com/jordiprats/iamctl/cmd/check_access_cf.go:122.15,123.59 1 1
github.com/jordiprats/iamctl/cmd/check_access_cf.go:124.10,125.30 1 1
github.com/jordiprats/iamctl/cmd/check_access_cf.go:125.30,126.13 1 1
github.com/jordiprats/iamctl/cmd/check_access_cf.go:126.13,130.5 3 1
github.com/jordiprats/iamctl/cmd/check_access_cf.go:131.4,131.36 1 1
github.com/jordiprats/iamctl/cmd/check_access_cf.go:135.2,135.16 1 1
github.com/jordiprats/iamctl/cmd/check_access_cf.go:135.16,137.3 1 0
github.com/jordiprats/iamctl/cmd/check_access_cf.go:138.2,138.12 1 1
github.com/jordiprats/iamctl/cmd/check_access_cf.go:143.103,147.126 3 0
github.com/jordiprats/iamctl/cmd/check_access_cf.go:147.126,149.3 1 0
github.com/jordiprats/iamctl/cmd/check_access_cf.go:151.2,152.14 2 0
github.com/jordiprats/iamctl/cmd/check_access_cf.go:152.14,155.17 3 0
github.com/jordiprats/iamctl/cmd/check_access_cf.go:155.17,157.4 1 0
github.com/jordiprats/iamctl/cmd/check_access_cf.go:160.2,161.31 2 0
github.com/jordiprats/iamctl/cmd/check_access_cf.go:161.31,165.17 4 0
github.com/jordiprats/iamctl/cmd/check_access_cf.go:165.17,167.4 1 0
github.com/jordiprats/iamctl/cmd/check_access_cf.go:168.8,168.53 1 0
github.com/jordiprats/iamctl/cmd/check_access_cf.go:168.53,173.17 5 0
github.com/jordiprats/iamctl/cmd/check_access_cf.go:173.17,175.4 1 0
github.com/jordiprats/iamctl/cmd/check_access_cf.go:176.8,176.57 1 0
github.com/jordiprats/iamctl/cmd/check_access_cf.go:176.57,179.17 3 0
github.com/jordiprats/iamctl/cmd/check_access_cf.go:179.17,181.4 1 0
github.com/jordiprats/iamctl/cmd/check_access_cf.go:182.3,183.17 2 0
github.com/jordiprats/iamctl/cmd/check_access_cf.go:183.17,185.4 1 0
github.com/jordiprats/iamctl/cmd/check_access_cf.go:186.3,187.23 2 0
github.com/jordiprats/iamctl/cmd/check_access_cf.go:187.23,189.18 2 0
github.com/jordiprats/iamctl/cmd/check_access_cf.go:189.18,191.5 1 0
github.com/jordiprats/iamctl/cmd/check_access_cf.go:193.3,194.17 2 0
github.com/jordiprats/iamctl/cmd/check_access_cf.go:194.17,196.4 1 0
github.com/jordiprats/iamctl/cmd/check_access_cf.go:197.8,199.3 1 0
github.com/jordiprats/iamctl/cmd/check_access_cf.go:201.2,206.62 5 0
github.com/jordiprats/iamctl/cmd/check_access_cf.go:206.62,211.44 5 0
github.com/jordiprats/iamctl/cmd/check_access_cf.go:211.44,213.4 1 0
github.com/jordiprats/iamctl/cmd/check_access_cf.go:214.3,214.43 1 0
github.com/jordiprats/iamctl/cmd/check_access_cf.go:214.43,216.4 1 0
github.com/jordiprats/iamctl/cmd/check_access_cf.go:217.3,217.77 1 0
github.com/jordiprats/iamctl/cmd/check_access_cf.go:220.2,222.51 2 0
github.com/jordiprats/iamctl/cmd/check_access_cf.go:222.51,224.17 2 0
github.com/jordiprats/iamctl/cmd/check_access_cf.go:224.17,226.4 1 0
github.com/jordiprats/iamctl/cmd/check_access_cf.go:226.9,227.61 1 0
github.com/jordiprats/iamctl/cmd/check_access_cf.go:227.61,229.19 2 0
github.com/jordiprats/iamctl/cmd/check_access_cf.go:229.19,231.14 2 0
github.com/jordiprats/iamctl/cmd/check_access_cf.go:233.5,234.92 2 0
github.com/jordiprats/iamctl/cmd/check_access_cf.go:239.2,239.56 1 0
github.com/jordiprats/iamctl/cmd/check_access_cf.go:239.56,242.17 3 0
github.com/jordiprats/iamctl/cmd/check_access_cf.go:242.17,244.4 1 0
github.com/jordiprats/iamctl/cmd/check_access_cf.go:245.3,246.55 2 0
github.com/jordiprats/iamctl/cmd/check_access_cf.go:246.55,248.4 1 0
github.com/jordiprats/iamctl/cmd/check_access_cf.go:249.3,255.44 6 0
github.com/jordiprats/iamctl/cmd/check_access_cf.go:255.44,257.4 1 0
github.com/jordiprats/iamctl/cmd/check_access_cf.go:258.3,258.43 1 0
github.com/jordiprats/iamctl/cmd/check_access_cf.go:258.43,260.4 1 0
github.com/jordiprats/iamctl/cmd/check_access_cf.go:261.3,261.77 1 0
github.com/jordiprats/iamctl/cmd/check_access_cf.go:264.2,265.24 2 0
github.com/jordiprats/iamctl/cmd/check_access_cf.go:265.24,268.3 2 0
github.com/jordiprats/iamctl/cmd/check_access_cf.go:270.2,271.29 2 0
github.com/jordiprats/iamctl/cmd/check_access_cf.go:271.29,273.3 1 0
github.com/jordiprats/iamctl/cmd/check_access_cf.go:274.2,277.28 3 0
github.com/jordiprats/iamctl/cmd/check_access_cf.go:277.28,279.3 1 0
github.com/jordiprats/iamctl/cmd/check_access_cf.go:280.2,292.38 4 0
github.com/jordiprats/iamctl/cmd/check_access_cf.go:292.38,293.43 1 0
github.com/jordiprats/iamctl/cmd/check_access_cf.go:293.43,295.4 1 0
github.com/jordiprats/iamctl/cmd/check_access_cf.go:295.9,297.4 1 0
github.com/jordiprats/iamctl/cmd/check_access_cf.go:299.2,303.40 4 0
github.com/jordiprats/iamctl/cmd/check_access_cf.go:303.40,305.27 2 0
github.com/jordiprats/iamctl/cmd/check_access_cf.go:305.27,307.4 1 0
github.com/jordiprats/iamctl/cmd/check_access_cf.go:308.3,308.59 1 0
github.com/jordiprats/iamctl/cmd/check_access_cf.go:311.2,312.51 2 0
github.com/jordiprats/iamctl/cmd/check_access_cf.go:312.51,314.3 1 0
github.com/jordiprats/iamctl/cmd/check_access_cf.go:315.2,333.8 3 0
github.com/jordiprats/iamctl/cmd/check_access_cf.go:338.98,339.32 1 1
github.com/jordiprats/iamctl/cmd/check_access_cf.go:339.32,341.3 1 1
github.com/jordiprats/iamctl/cmd/check_access_cf.go:343.2,345.16 3 1
github.com/jordiprats/iamctl/cmd/check_access_cf.go:345.16,347.3 1 0
github.com/jordiprats/iamctl/cmd/check_access_cf.go:349.2,351.111 2 1
github.com/jordiprats/iamctl/cmd/check_access_cf.go:351.111,354.3 2 0
github.com/jordiprats/iamctl/cmd/check_access_cf.go:356.2,357.48 2 1
github.com/jordiprats/iamctl/cmd/check_access_cf.go:357.48,358.43 1 1
github.com/jordiprats/iamctl/cmd/check_access_cf.go:358.43,360.4 1 1
github.com/jordiprats/iamctl/cmd/check_access_cf.go:360.9,362.4 1 0
github.com/jordiprats/iamctl/cmd/check_access_cf.go:364.2,368.47 4 1
github.com/jordiprats/iamctl/cmd/check_access_cf.go:368.47,370.27 2 0
github.com/jordiprats/iamctl/cmd/check_access_cf.go:370.27,372.4 1 0
github.com/jordiprats/iamctl/cmd/check_access_cf.go:373.3,373.59 1 0
github.com/jordiprats/iamctl/cmd/check_access_cf.go:376.2,387.8 1 1
github.com/jordiprats/iamctl/cmd/check_access_cf.go:391.81,392.16 1 1
github.com/jordiprats/iamctl/cmd/check_access_cf.go:393.14,396.43 3 1
github.com/jordiprats/iamctl/cmd/check_access_cf.go:396.43,398.30 2 0
github.com/jordiprats/iamctl/cmd/check_access_cf.go:398.30,400.5 1 0
github.com/jordiprats/iamctl/cmd/check_access_cf.go:401.4,401.48 1 0
github.com/jordiprats/iamctl/cmd/check_access_cf.go:403.3,419.41 2 1
github.com/jordiprats/iamctl/cmd/check_access_cf.go:419.41,423.4 3 0
github.com/jordiprats/iamctl/cmd/check_access_cf.go:424.3,425.27 2 1
github.com/jordiprats/iamctl/cmd/check_access_cf.go:427.10,431.41 4 1
github.com/jordiprats/iamctl/cmd/check_access_cf.go:431.41,433.42 2 0
github.com/jordiprats/iamctl/cmd/check_access_cf.go:433.42,435.5 1 0
github.com/jordiprats/iamctl/cmd/check_access_cf.go:437.3,439.32 3 1
github.com/jordiprats/iamctl/cmd/check_access_cf.go:439.32,441.44 2 1
github.com/jordiprats/iamctl/cmd/check_access_cf.go:441.44,442.31 1 1
github.com/jordiprats/iamctl/cmd/check_access_cf.go:442.31,444.6 1 0
github.com/jordiprats/iamctl/cmd/check_access_cf.go:444.11,446.6 1 1
github.com/jordiprats/iamctl/cmd/check_access_cf.go:449.3,449.32 1 1
github.com/jordiprats/iamctl/cmd/check_access_cf.go:449.32,451.44 2 0
github.com/jordiprats/iamctl/cmd/check_access_cf.go:451.44,452.31 1 0
github.com/jordiprats/iamctl/cmd/check_access_cf.go:452.31,454.6 1 0
github.com/jordiprats/iamctl/cmd/check_access_cf.go:454.11,456.6 1 0
github.com/jordiprats/iamctl/cmd/check_access_cf.go:459.3,459.29 1 1
github.com/jordiprats/iamctl/cmd/check_access_cf.go:459.29,461.41 2 0
github.com/jordiprats/iamctl/cmd/check_access_cf.go:461.41,462.29 1 0
github.com/jordiprats/iamctl/cmd/check_access_cf.go:462.29,464.6 1 0
github.com/jordiprats/iamctl/cmd/check_access_cf.go:464.11,466.6 1 0
github.com/jordiprats/iamctl/cmd/check_access_cf.go:469.3,469.36 1 1
github.com/jordiprats/iamctl/cmd/check_access_cf.go:469.36,471.43 2 0
github.com/jordiprats/iamctl/cmd/check_access_cf.go:471.43,473.5 1 0
github.com/jordiprats/iamctl/cmd/check_access_cf.go:475.3,476.102 1 1
github.com/jordiprats/iamctl/cmd/check_access_cf.go:481.81,515.29 4 1
github.com/jordiprats/iamctl/cmd/check_access_cf.go:515.29,519.43 2 1
github.com/jordiprats/iamctl/cmd/check_access_cf.go:519.43,521.30 2 0
github.com/jordiprats/iamctl/cmd/check_access_cf.go:521.30,522.50 1 0
github.com/jordiprats/iamctl/cmd/check_access_cf.go:522.50,524.6 1 0
github.com/jordiprats/iamctl/cmd/check_access_cf.go:526.4,531.6 1 0
github.com/jordiprats/iamctl/cmd/check_access_cf.go:535.3,535.31 1 1
github.com/jordiprats/iamctl/cmd/check_access_cf.go:535.31,544.4 1 0
github.com/jordiprats/iamctl/cmd/check_access_cf.go:547.3,547.48 1 1
github.com/jordiprats/iamctl/cmd/check_access_cf.go:547.48,556.4 1 0
github.com/jordiprats/iamctl/cmd/check_access_cf.go:559.2,559.20 1 1
github.com/jordiprats/iamctl/cmd/check_access_cf.go:559.20,561.3 1 1
github.com/jordiprats/iamctl/cmd/check_access_cf.go:563.2,590.26 3 1
github.com/jordiprats/iamctl/cmd/check_access_cf.go:593.105,600.14 2 1
github.com/jordiprats/iamctl/cmd/check_access_cf.go:600.14,605.3 1 1
github.com/jordiprats/iamctl/cmd/check_access_cf.go:606.2,615.3 1 1
github.com/jordiprats/iamctl/cmd/check_access_policy.go:17.66,24.76 6 1
github.com/jordiprats/iamctl/cmd/check_access_policy.go:24.76,26.3 1 0
github.com/jordiprats/iamctl/cmd/check_access_policy.go:28.2,28.18 1 1
github.com/jordiprats/iamctl/cmd/check_access_policy.go:28.18,30.3 1 1
github.com/jordiprats/iamctl/cmd/check_access_policy.go:33.2,41.22 7 1
github.com/jordiprats/iamctl/cmd/check_access_policy.go:41.22,43.17 2 1
github.com/jordiprats/iamctl/cmd/check_access_policy.go:43.17,45.4 1 1
github.com/jordiprats/iamctl/cmd/check_access_policy.go:46.3,47.52 2 1
github.com/jordiprats/iamctl/cmd/check_access_policy.go:47.52,49.4 1 1
github.com/jordiprats/iamctl/cmd/check_access_policy.go:50.3,51.44 2 1
github.com/jordiprats/iamctl/cmd/check_access_policy.go:51.44,53.4 1 1
github.com/jordiprats/iamctl/cmd/check_access_policy.go:54.3,54.43 1 1
github.com/jordiprats/iamctl/cmd/check_access_policy.go:54.43,56.4 1 1
github.com/jordiprats/iamctl/cmd/check_access_policy.go:57.3,60.65 4 1
github.com/jordiprats/iamctl/cmd/check_access_policy.go:64.2,64.33 1 1
github.com/jordiprats/iamctl/cmd/check_access_policy.go:64.33,66.17 2 1
github.com/jordiprats/iamctl/cmd/check_access_policy.go:66.17,68.4 1 0
github.com/jordiprats/iamctl/cmd/check_access_policy.go:69.3,70.52 2 1
github.com/jordiprats/iamctl/cmd/check_access_policy.go:70.52,72.4 1 0
github.com/jordiprats/iamctl/cmd/check_access_policy.go:73.3,74.44 2 1
github.com/jordiprats/iamctl/cmd/check_access_policy.go:74.44,76.4 1 1
github.com/jordiprats/iamctl/cmd/check_access_policy.go:77.3,77.43 1 1
github.com/jordiprats/iamctl/cmd/check_access_policy.go:77.43,79.4 1 0
github.com/jordiprats/iamctl/cmd/check_access_policy.go:80.3,83.65 4 1
github.com/jordiprats/iamctl/cmd/check_access_policy.go:87.2,87.30 1 1
github.com/jordiprats/iamctl/cmd/check_access_policy.go:87.30,90.17 3 0
github.com/jordiprats/iamctl/cmd/check_access_policy.go:90.17,92.4 1 0
github.com/jordiprats/iamctl/cmd/check_access_policy.go:93.3,93.39 1 0
github.com/jordiprats/iamctl/cmd/check_access_policy.go:93.39,95.18 2 0
github.com/jordiprats/iamctl/cmd/check_access_policy.go:95.18,97.5 1 0
github.com/jordiprats/iamctl/cmd/check_access_policy.go:98.4,99.45 2 0
github.com/jordiprats/iamctl/cmd/check_access_policy.go:99.45,101.5 1 0
github.com/jordiprats/iamctl/cmd/check_access_policy.go:102.4,102.44 1 0
github.com/jordiprats/iamctl/cmd/check_access_policy.go:102.44,104.5 1 0
github.com/jordiprats/iamctl/cmd/check_access_policy.go:105.4,108.66 4 0
github.com/jordiprats/iamctl/cmd/check_access_policy.go:113.2,114.29 2 1
github.com/jordiprats/iamctl/cmd/check_access_policy.go:114.29,116.3 1 1
github.com/jordiprats/iamctl/cmd/check_access_policy.go:117.2,120.28 3 1
github.com/jordiprats/iamctl/cmd/check_access_policy.go:120.28,122.3 1 1
github.com/jordiprats/iamctl/cmd/check_access_policy.go:123.2,134.84 3 1
github.com/jordiprats/iamctl/cmd/check_access_policy.go:134.84,137.3 2 1
github.com/jordiprats/iamctl/cmd/check_access_policy.go:139.2,140.16 2 1
github.com/jordiprats/iamctl/cmd/check_access_policy.go:140.16,142.3 1 1
github.com/jordiprats/iamctl/cmd/check_access_policy.go:145.2,146.38 2 1
github.com/jordiprats/iamctl/cmd/check_access_policy.go:146.38,147.43 1 1
github.com/jordiprats/iamctl/cmd/check_access_policy.go:147.43,149.4 1 1
github.com/jordiprats/iamctl/cmd/check_access_policy.go:149.9,151.4 1 1
github.com/jordiprats/iamctl/cmd/check_access_policy.go:153.2,158.40 4 1
github.com/jordiprats/iamctl/cmd/check_access_policy.go:158.40,160.27 2 1
github.com/jordiprats/iamctl/cmd/check_access_policy.go:160.27,162.4 1 0
github.com/jordiprats/iamctl/cmd/check_access_policy.go:163.3,163.59 1 1
github.com/jordiprats/iamctl/cmd/check_access_policy.go:166.2,166.16 1 1
github.com/jordiprats/iamctl/cmd/check_access_policy.go:167.14,184.27 4 1
github.com/jordiprats/iamctl/cmd/check_access_policy.go:186.15,192.36 6 1
github.com/jordiprats/iamctl/cmd/check_access_policy.go:192.36,194.4 1 1
github.com/jordiprats/iamctl/cmd/check_access_policy.go:195.3,195.36 1 1
github.com/jordiprats/iamctl/cmd/check_access_policy.go:195.36,197.4 1 0
github.com/jordiprats/iamctl/cmd/check_access_policy.go:198.3,198.33 1 1
github.com/jordiprats/iamctl/cmd/check_access_policy.go:198.33,200.4 1 0
github.com/jordiprats/iamctl/cmd/check_access_policy.go:201.3,201.40 1 1
github.com/jordiprats/iamctl/cmd/check_access_policy.go:201.40,203.4 1 0
github.com/jordiprats/iamctl/cmd/check_access_policy.go:204.3,205.87 1 1
github.com/jordiprats/iamctl/cmd/check_access_policy.go:207.10,211.30 4 1
github.com/jordiprats/iamctl/cmd/check_access_policy.go:211.30,213.37 2 1
github.com/jordiprats/iamctl/cmd/check_access_policy.go:213.37,215.5 1 1
github.com/jordiprats/iamctl/cmd/check_access_policy.go:217.3,217.30 1 1
github.com/jordiprats/iamctl/cmd/check_access_policy.go:217.30,219.37 2 1
github.com/jordiprats/iamctl/cmd/check_access_policy.go:219.37,221.5 1 1
github.com/jordiprats/iamctl/cmd/check_access_policy.go:223.3,223.27 1 1
github.com/jordiprats/iamctl/cmd/check_access_policy.go:223.27,225.34 2 1
github.com/jordiprats/iamctl/cmd/check_access_policy.go:225.34,227.5 1 1
github.com/jordiprats/iamctl/cmd/check_access_policy.go:229.3,229.34 1 1
github.com/jordiprats/iamctl/cmd/check_access_policy.go:229.34,231.41 2 1
github.com/jordiprats/iamctl/cmd/check_access_policy.go:231.41,233.5 1 1
github.com/jordiprats/iamctl/cmd/check_access_policy.go:235.3,236.87 1 1
github.com/jordiprats/iamctl/cmd/check_access_policy.go:239.2,239.29 1 1
github.com/jordiprats/iamctl/cmd/check_access_policy.go:239.29,241.3 1 1
github.com/jordiprats/iamctl/cmd/check_access_policy.go:242.2,242.12 1 1
github.com/jordiprats/iamctl/cmd/check_access_role.go:17.62,22.16 4 0
github.com/jordiprats/iamctl/cmd/check_access_role.go:22.16,24.3 1 0
github.com/jordiprats/iamctl/cmd/check_access_role.go:27.2,28.31 2 0
github.com/jordiprats/iamctl/cmd/check_access_role.go:28.31,31.17 3 0
github.com/jordiprats/iamctl/cmd/check_access_role.go:31.17,33.4 1 0
github.com/jordiprats/iamctl/cmd/check_access_role.go:34.8,36.17 2 0
github.com/jordiprats/iamctl/cmd/check_access_role.go:36.17,38.4 1 0
github.com/jordiprats/iamctl/cmd/check_access_role.go:41.2,42.16 2 0
github.com/jordiprats/iamctl/cmd/check_access_role.go:42.16,44.3 1 0
github.com/jordiprats/iamctl/cmd/check_access_role.go:46.2,47.16 2 0
github.com/jordiprats/iamctl/cmd/check_access_role.go:47.16,49.3 1 0
github.com/jordiprats/iamctl/cmd/check_access_role.go:51.2,51.59 1 0
github.com/jordiprats/iamctl/cmd/check_access_role.go:51.59,54.3 2 0
github.com/jordiprats/iamctl/cmd/check_access_role.go:57.2,64.53 7 0
github.com/jordiprats/iamctl/cmd/check_access_role.go:64.53,69.44 5 0
github.com/jordiprats/iamctl/cmd/check_access_role.go:69.44,71.4 1 0
github.com/jordiprats/iamctl/cmd/check_access_role.go:72.3,72.43 1 0
github.com/jordiprats/iamctl/cmd/check_access_role.go:72.43,74.4 1 0
github.com/jordiprats/iamctl/cmd/check_access_role.go:75.3,75.77 1 0
github.com/jordiprats/iamctl/cmd/check_access_role.go:78.2,78.52 1 0
github.com/jordiprats/iamctl/cmd/check_access_role.go:78.52,84.44 6 0
github.com/jordiprats/iamctl/cmd/check_access_role.go:84.44,86.4 1 0
github.com/jordiprats/iamctl/cmd/check_access_role.go:87.3,87.43 1 0
github.com/jordiprats/iamctl/cmd/check_access_role.go:87.43,89.4 1 0
github.com/jordiprats/iamctl/cmd/check_access_role.go:90.3,90.77 1 0
github.com/jordiprats/iamctl/cmd/check_access_role.go:93.2,102.29 3 0
github.com/jordiprats/iamctl/cmd/check_access_role.go:102.29,104.3 1 0
github.com/jordiprats/iamctl/cmd/check_access_role.go:105.2,108.28 3 0
github.com/jordiprats/iamctl/cmd/check_access_role.go:108.28,110.3 1 0
github.com/jordiprats/iamctl/cmd/check_access_role.go:111.2,117.38 5 0
github.com/jordiprats/iamctl/cmd/check_access_role.go:117.38,118.43 1 0
github.com/jordiprats/iamctl/cmd/check_access_role.go:118.43,120.4 1 0
github.com/jordiprats/iamctl/cmd/check_access_role.go:120.9,122.4 1 0
github.com/jordiprats/iamctl/cmd/check_access_role.go:124.2,128.40 4 0
github.com/jordiprats/iamctl/cmd/check_access_role.go:128.40,130.27 2 0
github.com/jordiprats/iamctl/cmd/check_access_role.go:130.27,132.4 1 0
github.com/jordiprats/iamctl/cmd/check_access_role.go:133.3,133.59 1 0
github.com/jordiprats/iamctl/cmd/check_access_role.go:136.2,136.16 1 0
github.com/jordiprats/iamctl/cmd/check_access_role.go:137.14,140.37 3 0
github.com/jordiprats/iamctl/cmd/check_access_role.go:140.37,142.4 1 0
github.com/jordiprats/iamctl/cmd/check_access_role.go:143.3,146.36 3 0
github.com/jordiprats/iamctl/cmd/check_access_role.go:146.36,148.4 1 0
github.com/jordiprats/iamctl/cmd/check_access_role.go:149.3,152.36 3 0
github.com/jordiprats/iamctl/cmd/check_access_role.go:152.36,157.4 1 0
github.com/jordiprats/iamctl/cmd/check_access_role.go:158.3,178.27 3 0
github.com/jordiprats/iamctl/cmd/check_access_role.go:180.10,185.37 5 0
github.com/jordiprats/iamctl/cmd/check_access_role.go:185.37,187.4 1 0
github.com/jordiprats/iamctl/cmd/check_access_role.go:188.3,189.36 2 0
github.com/jordiprats/iamctl/cmd/check_access_role.go:189.36,191.4 1 0
github.com/jordiprats/iamctl/cmd/check_access_role.go:192.3,194.30 3 0
github.com/jordiprats/iamctl/cmd/check_access_role.go:194.30,196.37 2 0
github.com/jordiprats/iamctl/cmd/check_access_role.go:196.37,198.5 1 0
github.com/jordiprats/iamctl/cmd/check_access_role.go:200.3,200.30 1 0
github.com/jordiprats/iamctl/cmd/check_access_role.go:200.30,202.37 2 0
github.com/jordiprats/iamctl/cmd/check_access_role.go:202.37,204.5 1 0
github.com/jordiprats/iamctl/cmd/check_access_role.go:206.3,206.27 1 0
github.com/jordiprats/iamctl/cmd/check_access_role.go:206.27,208.34 2 0
github.com/jordiprats/iamctl/cmd/check_access_role.go:208.34,210.5 1 0
github.com/jordiprats/iamctl/cmd/check_access_role.go:212.3,212.34 1 0
github.com/jordiprats/iamctl/cmd/check_access_role.go:212.34,214.41 2 0
github.com/jordiprats/iamctl/cmd/check_access_role.go:214.41,216.5 1 0
github.com/jordiprats/iamctl/cmd/check_access_role.go:218.3,219.87 1 0
github.com/jordiprats/iamctl/cmd/check_access_role.go:222.2,222.29 1 0
github.com/jordiprats/iamctl/cmd/check_access_role.go:222.29,224.3 1 0
github.com/jordiprats/iamctl/cmd/check_access_role.go:225.2,225.12 1 0
github.com/jordiprats/iamctl/cmd/check_access_role_action.go:30.74,31.23 1 0
github.com/jordiprats/iamctl/cmd/check_access_role_action.go:31.23,33.3 1 0
github.com/jordiprats/iamctl/cmd/check_access_role_action.go:34.2,34.25 1 0
github.com/jordiprats/iamctl/cmd/check_access_role_action.go:34.25,36.3 1 0
github.com/jordiprats/iamctl/cmd/check_access_role_action.go:37.2,37.30 1 0
github.com/jordiprats/iamctl/cmd/check_access_role_action.go:37.30,38.15 1 0
github.com/jordiprats/iamctl/cmd/check_access_role_action.go:38.15,40.4 1 0
github.com/jordiprats/iamctl/cmd/check_access_role_action.go:42.2,42.14 1 0
github.com/jordiprats/iamctl/cmd/check_access_role_action.go:65.86,70.16 4 1
github.com/jordiprats/iamctl/cmd/check_access_role_action.go:70.16,72.3 1 0
github.com/jordiprats/iamctl/cmd/check_access_role_action.go:75.2,76.31 2 1
github.com/jordiprats/iamctl/cmd/check_access_role_action.go:76.31,79.17 3 1
github.com/jordiprats/iamctl/cmd/check_access_role_action.go:79.17,81.4 1 1
github.com/jordiprats/iamctl/cmd/check_access_role_action.go:82.8,85.3 1 0
github.com/jordiprats/iamctl/cmd/check_access_role_action.go:87.2,88.16 2 0
github.com/jordiprats/iamctl/cmd/check_access_role_action.go:88.16,90.3 1 0
github.com/jordiprats/iamctl/cmd/check_access_role_action.go:92.2,93.16 2 0
github.com/jordiprats/iamctl/cmd/check_access_role_action.go:93.16,95.3 1 0
github.com/jordiprats/iamctl/cmd/check_access_role_action.go:97.2,97.59 1 0
github.com/jordiprats/iamctl/cmd/check_access_role_action.go:97.59,100.3 2 0
github.com/jordiprats/iamctl/cmd/check_access_role_action.go:103.2,104.41 2 0
github.com/jordiprats/iamctl/cmd/check_access_role_action.go:104.41,110.3 1 0
github.com/jordiprats/iamctl/cmd/check_access_role_action.go:111.2,111.40 1 0
github.com/jordiprats/iamctl/cmd/check_access_role_action.go:111.40,117.3 1 0
github.com/jordiprats/iamctl/cmd/check_access_role_action.go:120.2,123.33 3 0
github.com/jordiprats/iamctl/cmd/check_access_role_action.go:123.33,126.34 2 0
github.com/jordiprats/iamctl/cmd/check_access_role_action.go:126.34,127.39 1 0
github.com/jordiprats/iamctl/cmd/check_access_role_action.go:127.39,129.33 2 0
github.com/jordiprats/iamctl/cmd/check_access_role_action.go:129.33,130.14 1 0
github.com/jordiprats/iamctl/cmd/check_access_role_action.go:133.5,133.96 1 0
github.com/jordiprats/iamctl/cmd/check_access_role_action.go:133.96,145.31 3 0
github.com/jordiprats/iamctl/cmd/check_access_role_action.go:145.31,147.7 1 0
github.com/jordiprats/iamctl/cmd/check_access_role_action.go:147.12,149.7 1 0
github.com/jordiprats/iamctl/cmd/check_access_role_action.go:155.3,155.16 1 0
github.com/jordiprats/iamctl/cmd/check_access_role_action.go:155.16,158.4 2 0
github.com/jordiprats/iamctl/cmd/check_access_role_action.go:161.3,165.10 4 0
github.com/jordiprats/iamctl/cmd/check_access_role_action.go:166.16,168.78 2 0
github.com/jordiprats/iamctl/cmd/check_access_role_action.go:169.18,171.45 2 0
github.com/jordiprats/iamctl/cmd/check_access_role_action.go:172.20,174.47 2 0
github.com/jordiprats/iamctl/cmd/check_access_role_action.go:175.11,180.37 4 0
github.com/jordiprats/iamctl/cmd/check_access_role_action.go:180.37,181.23 1 0
github.com/jordiprats/iamctl/cmd/check_access_role_action.go:181.23,183.11 2 0
github.com/jordiprats/iamctl/cmd/check_access_role_action.go:186.4,186.34 1 0
github.com/jordiprats/iamctl/cmd/check_access_role_action.go:189.3,189.17 1 0
github.com/jordiprats/iamctl/cmd/check_access_role_action.go:189.17,191.4 1 0
github.com/jordiprats/iamctl/cmd/check_access_role_action.go:193.3,193.31 1 0
github.com/jordiprats/iamctl/cmd/check_access_role_action.go:196.2,196.16 1 0
github.com/jordiprats/iamctl/cmd/check_access_role_action.go:197.14,202.27 2 0
github.com/jordiprats/iamctl/cmd/check_access_role_action.go:204.10,206.16 2 0
github.com/jordiprats/iamctl/cmd/check_access_role_action.go:206.16,208.4 1 0
github.com/jordiprats/iamctl/cmd/check_access_role_action.go:209.3,211.29 2 0
github.com/jordiprats/iamctl/cmd/check_access_role_action.go:211.29,212.42 1 0
github.com/jordiprats/iamctl/cmd/check_access_role_action.go:212.42,214.5 1 0
github.com/jordiprats/iamctl/cmd/check_access_role_action.go:216.4,216.17 1 0
github.com/jordiprats/iamctl/cmd/check_access_role_action.go:216.17,217.22 1 0
github.com/jordiprats/iamctl/cmd/check_access_role_action.go:217.22,219.6 1 0
github.com/jordiprats/iamctl/cmd/check_access_role_action.go:219.11,221.6 1 0
github.com/jordiprats/iamctl/cmd/check_access_role_action.go:222.10,224.5 1 0
github.com/jordiprats/iamctl/cmd/check_access_role_action.go:227.4,227.37 1 0
github.com/jordiprats/iamctl/cmd/check_access_role_action.go:227.37,229.33 2 0
github.com/jordiprats/iamctl/cmd/check_access_role_action.go:229.33,231.6 1 0
github.com/jordiprats/iamctl/cmd/check_access_role_action.go:232.5,233.20 2 0
github.com/jordiprats/iamctl/cmd/check_access_role_action.go:233.20,235.6 1 0
github.com/jordiprats/iamctl/cmd/check_access_role_action.go:236.5,236.29 1 0
github.com/jordiprats/iamctl/cmd/check_access_role_action.go:236.29,238.6 1 0
github.com/jordiprats/iamctl/cmd/check_access_role_action.go:239.5,239.28 1 0
github.com/jordiprats/iamctl/cmd/check_access_role_action.go:239.28,242.6 2 0
github.com/jordiprats/iamctl/cmd/check_access_role_action.go:246.4,246.36 1 0
github.com/jordiprats/iamctl/cmd/check_access_role_action.go:246.36,248.33 2 0
github.com/jordiprats/iamctl/cmd/check_access_role_action.go:248.33,250.6 1 0
github.com/jordiprats/iamctl/cmd/check_access_role_action.go:251.5,252.20 2 0
github.com/jordiprats/iamctl/cmd/check_access_role_action.go:252.20,254.6 1 0
github.com/jordiprats/iamctl/cmd/check_access_role_action.go:255.5,255.29 1 0
github.com/jordiprats/iamctl/cmd/check_access_role_action.go:255.29,257.6 1 0
github.com/jordiprats/iamctl/cmd/check_access_role_action.go:258.5,258.28 1 0
github.com/jordiprats/iamctl/cmd/check_access_role_action.go:258.28,261.6 2 0
github.com/jordiprats/iamctl/cmd/check_access_role_action.go:266.2,266.15 1 0
github.com/jordiprats/iamctl/cmd/check_access_role_action.go:266.15,268.3 1 0
github.com/jordiprats/iamctl/cmd/check_access_role_action.go:269.2,269.12 1 0
github.com/jordiprats/iamctl/cmd/describe.go:13.38,38.55 1 1
github.com/jordiprats/iamctl/cmd/describe.go:38.55,43.20 4 0
github.com/jordiprats/iamctl/cmd/describe.go:44.33,45.20 1 0
github.com/jordiprats/iamctl/cmd/describe.go:46.31,47.21 1 0
github.com/jordiprats/iamctl/cmd/describe.go:48.12,49.49 1 0
github.com/jordiprats/iamctl/cmd/describe.go:52.4,52.16 1 0
github.com/jordiprats/iamctl/cmd/describe.go:52.16,54.5 1 0
github.com/jordiprats/iamctl/cmd/describe.go:55.4,55.39 1 0
github.com/jordiprats/iamctl/cmd/describe.go:59.2,63.12 4 1
github.com/jordiprats/iamctl/cmd/describe.go:66.65,71.16 4 0
github.com/jordiprats/iamctl/cmd/describe.go:71.16,73.3 1 0
github.com/jordiprats/iamctl/cmd/describe.go:75.2,76.16 2 0
github.com/jordiprats/iamctl/cmd/describe.go:76.16,78.3 1 0
github.com/jordiprats/iamctl/cmd/describe.go:80.2,80.16 1 0
github.com/jordiprats/iamctl/cmd/describe.go:81.14,84.13 3 0
github.com/jordiprats/iamctl/cmd/describe.go:85.14,85.14 0 0
github.com/jordiprats/iamctl/cmd/describe.go:87.10,88.75 1 0
github.com/jordiprats/iamctl/cmd/describe.go:91.2,96.30 6 0
github.com/jordiprats/iamctl/cmd/describe.go:96.30,98.3 1 0
github.com/jordiprats/iamctl/cmd/describe.go:98.8,100.3 1 0
github.com/jordiprats/iamctl/cmd/describe.go:102.2,103.37 2 0
github.com/jordiprats/iamctl/cmd/describe.go:103.37,105.3 1 0
github.com/jordiprats/iamctl/cmd/describe.go:105.8,106.43 1 0
github.com/jordiprats/iamctl/cmd/describe.go:106.43,108.4 1 0
github.com/jordiprats/iamctl/cmd/describe.go:111.2,112.35 2 0
github.com/jordiprats/iamctl/cmd/describe.go:112.35,115.3 2 0
github.com/jordiprats/iamctl/cmd/describe.go:117.2,118.40 2 0
github.com/jordiprats/iamctl/cmd/describe.go:118.40,120.3 1 0
github.com/jordiprats/iamctl/cmd/describe.go:121.2,123.29 2 0
github.com/jordiprats/iamctl/cmd/describe.go:123.29,127.3 3 0
github.com/jordiprats/iamctl/cmd/describe.go:129.2,129.12 1 0
github.com/jordiprats/iamctl/cmd/describe.go:132.68,137.16 4 0
github.com/jordiprats/iamctl/cmd/describe.go:137.16,139.3 1 0
github.com/jordiprats/iamctl/cmd/describe.go:141.2,142.16 2 0
github.com/jordiprats/iamctl/cmd/describe.go:142.16,144.3 1 0
github.com/jordiprats/iamctl/cmd/describe.go:146.2,146.20 1 0
github.com/jordiprats/iamctl/cmd/describe.go:146.20,150.3 3 0
github.com/jordiprats/iamctl/cmd/describe.go:152.2,154.23 3 0
github.com/jordiprats/iamctl/cmd/describe.go:154.23,156.3 1 0
github.com/jordiprats/iamctl/cmd/describe.go:156.8,158.3 1 0
github.com/jordiprats/iamctl/cmd/describe.go:159.2,159.28 1 0
github.com/jordiprats/iamctl/cmd/describe.go:159.28,161.3 1 0
github.com/jordiprats/iamctl/cmd/describe.go:161.8,163.3 1 0
github.com/jordiprats/iamctl/cmd/describe.go:164.2,164.21 1 0
github.com/jordiprats/iamctl/cmd/describe.go:164.21,166.3 1 0
github.com/jordiprats/iamctl/cmd/describe.go:166.8,168.3 1 0
github.com/jordiprats/iamctl/cmd/describe.go:169.2,169.28 1 0
github.com/jordiprats/iamctl/cmd/describe.go:169.28,171.3 1 0
github.com/jordiprats/iamctl/cmd/describe.go:171.8,173.3 1 0
github.com/jordiprats/iamctl/cmd/describe.go:174.2,174.28 1 0
github.com/jordiprats/iamctl/cmd/describe.go:174.28,176.3 1 0
github.com/jordiprats/iamctl/cmd/describe.go:176.8,178.3 1 0
github.com/jordiprats/iamctl/cmd/describe.go:179.2,185.12 5 0
github.com/jordiprats/iamctl/cmd/diff.go:23.34,94.2 15 1
github.com/jordiprats/iamctl/cmd/diff.go:96.55,114.57 14 1
github.com/jordiprats/iamctl/cmd/diff.go:114.57,116.3 1 1
github.com/jordiprats/iamctl/cmd/diff.go:118.2,118.38 1 1
github.com/jordiprats/iamctl/cmd/diff.go:118.38,120.3 1 1
github.com/jordiprats/iamctl/cmd/diff.go:122.2,122.37 1 1
github.com/jordiprats/iamctl/cmd/diff.go:122.37,124.3 1 0
github.com/jordiprats/iamctl/cmd/diff.go:126.2,126.36 1 1
github.com/jordiprats/iamctl/cmd/diff.go:126.36,128.3 1 0
github.com/jordiprats/iamctl/cmd/diff.go:130.2,130.19 1 1
github.com/jordiprats/iamctl/cmd/diff.go:130.19,134.3 1 1
github.com/jordiprats/iamctl/cmd/diff.go:136.2,136.21 1 1
github.com/jordiprats/iamctl/cmd/diff.go:136.21,138.3 1 1
github.com/jordiprats/iamctl/cmd/diff.go:140.2,140.105 1 1
github.com/jordiprats/iamctl/cmd/diff.go:146.39,151.40 3 1
github.com/jordiprats/iamctl/cmd/diff.go:151.40,153.3 1 1
github.com/jordiprats/iamctl/cmd/diff.go:154.2,154.36 1 1
github.com/jordiprats/iamctl/cmd/diff.go:154.36,156.3 1 0
github.com/jordiprats/iamctl/cmd/diff.go:158.2,159.20 2 1
github.com/jordiprats/iamctl/cmd/diff.go:159.20,161.3 1 1
github.com/jordiprats/iamctl/cmd/diff.go:162.2,162.19 1 1
github.com/jordiprats/iamctl/cmd/diff.go:162.19,164.3 1 1
github.com/jordiprats/iamctl/cmd/diff.go:166.2,167.18 2 1
github.com/jordiprats/iamctl/cmd/diff.go:167.18,169.3 1 1
github.com/jordiprats/iamctl/cmd/diff.go:170.2,170.17 1 1
github.com/jordiprats/iamctl/cmd/diff.go:170.17,172.3 1 1
github.com/jordiprats/iamctl/cmd/diff.go:174.2,175.16 2 1
github.com/jordiprats/iamctl/cmd/diff.go:175.16,177.3 1 1
github.com/jordiprats/iamctl/cmd/diff.go:179.2,180.16 2 1
github.com/jordiprats/iamctl/cmd/diff.go:180.16,182.3 1 0
github.com/jordiprats/iamctl/cmd/diff.go:184.2,196.16 7 1
github.com/jordiprats/iamctl/cmd/diff.go:197.14,226.27 3 1
github.com/jordiprats/iamctl/cmd/diff.go:228.10,231.15 2 1
github.com/jordiprats/iamctl/cmd/diff.go:231.15,234.4 2 1
github.com/jordiprats/iamctl/cmd/diff.go:236.3,239.19 3 1
github.com/jordiprats/iamctl/cmd/diff.go:239.19,243.4 1 1
github.com/jordiprats/iamctl/cmd/diff.go:243.9,243.34 1 0
github.com/jordiprats/iamctl/cmd/diff.go:243.34,245.4 1 0
github.com/jordiprats/iamctl/cmd/diff.go:247.3,247.18 1 1
github.com/jordiprats/iamctl/cmd/diff.go:247.18,251.4 1 0
github.com/jordiprats/iamctl/cmd/diff.go:251.9,251.33 1 1
github.com/jordiprats/iamctl/cmd/diff.go:251.33,253.4 1 0
github.com/jordiprats/iamctl/cmd/diff.go:255.3,258.115 4 1
github.com/jordiprats/iamctl/cmd/diff.go:261.2,261.13 1 1
github.com/jordiprats/iamctl/cmd/diff.go:261.13,263.3 1 1
github.com/jordiprats/iamctl/cmd/diff.go:264.2,264.12 1 0
github.com/jordiprats/iamctl/cmd/diff.go:269.116,270.18 1 1
github.com/jordiprats/iamctl/cmd/diff.go:270.18,272.3 1 1
github.com/jordiprats/iamctl/cmd/diff.go:273.2,273.21 1 1
github.com/jordiprats/iamctl/cmd/diff.go:273.21,275.3 1 1
github.com/jordiprats/iamctl/cmd/diff.go:277.2,277.38 1 1
github.com/jordiprats/iamctl/cmd/diff.go:277.38,279.3 1 1
github.com/jordiprats/iamctl/cmd/diff.go:280.2,280.37 1 1
github.com/jordiprats/iamctl/cmd/diff.go:280.37,282.3 1 1
github.com/jordiprats/iamctl/cmd/diff.go:284.2,285.16 2 1
github.com/jordiprats/iamctl/cmd/diff.go:285.16,287.3 1 0
github.com/jordiprats/iamctl/cmd/diff.go:288.2,289.16 2 1
github.com/jordiprats/iamctl/cmd/diff.go:289.16,291.3 1 0
github.com/jordiprats/iamctl/cmd/diff.go:293.2,296.20 3 1
github.com/jordiprats/iamctl/cmd/diff.go:296.20,298.17 2 0
github.com/jordiprats/iamctl/cmd/diff.go:298.17,300.4 1 0
github.com/jordiprats/iamctl/cmd/diff.go:301.3,302.17 2 0
github.com/jordiprats/iamctl/cmd/diff.go:302.17,304.4 1 0
github.com/jordiprats/iamctl/cmd/diff.go:305.3,305.25 1 0
github.com/jordiprats/iamctl/cmd/diff.go:305.25,308.4 2 0
github.com/jordiprats/iamctl/cmd/diff.go:309.3,310.36 2 0
github.com/jordiprats/iamctl/cmd/diff.go:311.8,313.17 2 1
github.com/jordiprats/iamctl/cmd/diff.go:313.17,315.4 1 0
github.com/jordiprats/iamctl/cmd/diff.go:316.3,317.52 2 1
github.com/jordiprats/iamctl/cmd/diff.go:317.52,319.4 1 0
github.com/jordiprats/iamctl/cmd/diff.go:320.3,321.37 2 1
github.com/jordiprats/iamctl/cmd/diff.go:325.2,326.48 2 1
github.com/jordiprats/iamctl/cmd/diff.go:326.48,327.46 1 1
github.com/jordiprats/iamctl/cmd/diff.go:327.46,329.4 1 1
github.com/jordiprats/iamctl/cmd/diff.go:330.3,330.46 1 1
github.com/jordiprats/iamctl/cmd/diff.go:330.46,332.4 1 1
github.com/jordiprats/iamctl/cmd/diff.go:335.2,337.16 2 1
github.com/jordiprats/iamctl/cmd/diff.go:338.14,352.21 3 0
github.com/jordiprats/iamctl/cmd/diff.go:352.21,354.4 1 0
github.com/jordiprats/iamctl/cmd/diff.go:355.3,356.27 2 0
github.com/jordiprats/iamctl/cmd/diff.go:358.14,360.21 2 0
github.com/jordiprats/iamctl/cmd/diff.go:360.21,362.4 1 0
github.com/jordiprats/iamctl/cmd/diff.go:363.3,364.22 2 0
github.com/jordiprats/iamctl/cmd/diff.go:364.22,366.29 2 0
github.com/jordiprats/iamctl/cmd/diff.go:366.29,368.5 1 0
github.com/jordiprats/iamctl/cmd/diff.go:370.3,370.20 1 0
github.com/jordiprats/iamctl/cmd/diff.go:370.20,372.27 2 0
github.com/jordiprats/iamctl/cmd/diff.go:372.27,374.5 1 0
github.com/jordiprats/iamctl/cmd/diff.go:376.3,376.25 1 0
github.com/jordiprats/iamctl/cmd/diff.go:376.25,378.4 1 0
github.com/jordiprats/iamctl/cmd/diff.go:379.3,379.102 1 0
github.com/jordiprats/iamctl/cmd/diff.go:381.10,385.41 3 1
github.com/jordiprats/iamctl/cmd/diff.go:385.41,388.4 2 0
github.com/jordiprats/iamctl/cmd/diff.go:390.3,395.114 4 1
github.com/jordiprats/iamctl/cmd/diff.go:398.2,398.19 1 1
github.com/jordiprats/iamctl/cmd/diff.go:398.19,400.3 1 1
github.com/jordiprats/iamctl/cmd/diff.go:401.2,401.12 1 0
github.com/jordiprats/iamctl/cmd/diff.go:405.123,408.20 2 1
github.com/jordiprats/iamctl/cmd/diff.go:408.20,410.17 2 0
github.com/jordiprats/iamctl/cmd/diff.go:410.17,412.4 1 0
github.com/jordiprats/iamctl/cmd/diff.go:414.3,415.17 2 0
github.com/jordiprats/iamctl/cmd/diff.go:415.17,417.4 1 0
github.com/jordiprats/iamctl/cmd/diff.go:419.3,420.17 2 0
github.com/jordiprats/iamctl/cmd/diff.go:420.17,422.4 1 0
github.com/jordiprats/iamctl/cmd/diff.go:424.3,425.42 2 0
github.com/jordiprats/iamctl/cmd/diff.go:425.42,427.4 1 0
github.com/jordiprats/iamctl/cmd/diff.go:428.3,428.41 1 0
github.com/jordiprats/iamctl/cmd/diff.go:428.41,430.4 1 0
github.com/jordiprats/iamctl/cmd/diff.go:432.3,435.9 1 0
github.com/jordiprats/iamctl/cmd/diff.go:438.2,438.22 1 1
github.com/jordiprats/iamctl/cmd/diff.go:438.22,440.17 2 0
github.com/jordiprats/iamctl/cmd/diff.go:440.17,442.4 1 0
github.com/jordiprats/iamctl/cmd/diff.go:444.3,445.17 2 0
github.com/jordiprats/iamctl/cmd/diff.go:445.17,447.4 1 0
github.com/jordiprats/iamctl/cmd/diff.go:449.3,450.17 2 0
github.com/jordiprats/iamctl/cmd/diff.go:450.17,452.4 1 0
github.com/jordiprats/iamctl/cmd/diff.go:454.3,454.21 1 0
github.com/jordiprats/iamctl/cmd/diff.go:454.21,456.28 2 0
github.com/jordiprats/iamctl/cmd/diff.go:456.28,457.32 1 0
github.com/jordiprats/iamctl/cmd/diff.go:457.32,459.6 1 0
github.com/jordiprats/iamctl/cmd/diff.go:461.4,462.31 2 0
github.com/jordiprats/iamctl/cmd/diff.go:462.31,463.32 1 0
github.com/jordiprats/iamctl/cmd/diff.go:463.32,465.6 1 0
github.com/jordiprats/iamctl/cmd/diff.go:467.4,467.61 1 0
github.com/jordiprats/iamctl/cmd/diff.go:467.61,469.29 2 0
github.com/jordiprats/iamctl/cmd/diff.go:469.29,471.6 1 0
github.com/jordiprats/iamctl/cmd/diff.go:472.5,472.32 1 0
github.com/jordiprats/iamctl/cmd/diff.go:472.32,474.6 1 0
github.com/jordiprats/iamctl/cmd/diff.go:475.5,475.122 1 0
github.com/jordiprats/iamctl/cmd/diff.go:477.4,478.31 2 0
github.com/jordiprats/iamctl/cmd/diff.go:481.3,483.30 2 0
github.com/jordiprats/iamctl/cmd/diff.go:483.30,485.18 2 0
github.com/jordiprats/iamctl/cmd/diff.go:485.18,487.5 1 0
github.com/jordiprats/iamctl/cmd/diff.go:488.4,488.40 1 0
github.com/jordiprats/iamctl/cmd/diff.go:488.40,490.5 1 0
github.com/jordiprats/iamctl/cmd/diff.go:493.3,493.32 1 0
github.com/jordiprats/iamctl/cmd/diff.go:493.32,495.4 1 0
github.com/jordiprats/iamctl/cmd/diff.go:497.3,498.21 2 0
github.com/jordiprats/iamctl/cmd/diff.go:498.21,500.4 1 0
github.com/jordiprats/iamctl/cmd/diff.go:502.3,505.9 1 0
github.com/jordiprats/iamctl/cmd/diff.go:508.2,508.22 1 1
github.com/jordiprats/iamctl/cmd/diff.go:508.22,510.17 2 1
github.com/jordiprats/iamctl/cmd/diff.go:510.17,512.4 1 1
github.com/jordiprats/iamctl/cmd/diff.go:513.3,514.52 2 1
github.com/jordiprats/iamctl/cmd/diff.go:514.52,516.4 1 0
github.com/jordiprats/iamctl/cmd/diff.go:518.3,521.9 1 1
github.com/jordiprats/iamctl/cmd/diff.go:524.2,524.47 1 0
github.com/jordiprats/iamctl/cmd/diff.go:529.100,537.37 7 0
github.com/jordiprats/iamctl/cmd/diff.go:537.37,543.38 6 0
github.com/jordiprats/iamctl/cmd/diff.go:543.38,545.4 1 0
github.com/jordiprats/iamctl/cmd/diff.go:546.3,546.37 1 0
github.com/jordiprats/iamctl/cmd/diff.go:546.37,548.4 1 0
github.com/jordiprats/iamctl/cmd/diff.go:551.2,552.29 2 0
github.com/jordiprats/iamctl/cmd/diff.go:552.29,554.3 1 0
github.com/jordiprats/iamctl/cmd/diff.go:555.2,555.28 1 0
github.com/jordiprats/iamctl/cmd/diff.go:555.28,557.3 1 0
github.com/jordiprats/iamctl/cmd/diff.go:558.2,568.3 3 0
github.com/jordiprats/iamctl/cmd/diff.go:572.91,576.32 3 1
github.com/jordiprats/iamctl/cmd/diff.go:576.32,578.3 1 1
github.com/jordiprats/iamctl/cmd/diff.go:579.2,579.30 1 1
github.com/jordiprats/iamctl/cmd/diff.go:579.30,581.3 1 1
github.com/jordiprats/iamctl/cmd/diff.go:583.2,583.32 1 1
github.com/jordiprats/iamctl/cmd/diff.go:583.32,584.15 1 1
github.com/jordiprats/iamctl/cmd/diff.go:584.15,586.4 1 1
github.com/jordiprats/iamctl/cmd/diff.go:586.9,588.4 1 1
github.com/jordiprats/iamctl/cmd/diff.go:590.2,590.30 1 1
github.com/jordiprats/iamctl/cmd/diff.go:590.30,591.18 1 1
github.com/jordiprats/iamctl/cmd/diff.go:591.18,593.4 1 1
github.com/jordiprats/iamctl/cmd/diff.go:596.2,599.8 4 1
github.com/jordiprats/iamctl/cmd/diff.go:607.105,617.27 4 1
github.com/jordiprats/iamctl/cmd/diff.go:617.27,619.3 1 1
github.com/jordiprats/iamctl/cmd/diff.go:620.2,620.28 1 1
github.com/jordiprats/iamctl/cmd/diff.go:620.28,622.3 1 1
github.com/jordiprats/iamctl/cmd/diff.go:623.2,623.26 1 1
github.com/jordiprats/iamctl/cmd/diff.go:623.26,625.3 1 1
github.com/jordiprats/iamctl/cmd/diff.go:627.2,627.40 1 1
github.com/jordiprats/iamctl/cmd/diff.go:627.40,628.41 1 1
github.com/jordiprats/iamctl/cmd/diff.go:628.41,630.4 1 0
github.com/jordiprats/iamctl/cmd/diff.go:631.3,631.43 1 1
github.com/jordiprats/iamctl/cmd/diff.go:635.2,636.26 2 1
github.com/jordiprats/iamctl/cmd/diff.go:636.26,637.16 1 1
github.com/jordiprats/iamctl/cmd/diff.go:637.16,638.89 1 1
github.com/jordiprats/iamctl/cmd/diff.go:638.89,640.5 1 1
github.com/jordiprats/iamctl/cmd/diff.go:644.2,645.26 2 1
github.com/jordiprats/iamctl/cmd/diff.go:645.26,646.18 1 1
github.com/jordiprats/iamctl/cmd/diff.go:646.18,647.16 1 0
github.com/jordiprats/iamctl/cmd/diff.go:647.16,650.5 2 0
github.com/jordiprats/iamctl/cmd/diff.go:651.4,651.12 1 0
github.com/jordiprats/iamctl/cmd/diff.go:653.3,654.43 2 1
github.com/jordiprats/iamctl/cmd/diff.go:659.45,662.22 3 1
github.com/jordiprats/iamctl/cmd/diff.go:662.22,663.15 1 0
github.com/jordiprats/iamctl/cmd/diff.go:663.15,666.4 2 0
github.com/jordiprats/iamctl/cmd/diff.go:668.2,668.22 1 1
github.com/jordiprats/iamctl/cmd/diff.go:668.22,669.15 1 0
github.com/jordiprats/iamctl/cmd/diff.go:669.15,672.4 2 0
github.com/jordiprats/iamctl/cmd/diff.go:674.2,674.15 1 1
github.com/jordiprats/iamctl/cmd/diff.go:678.34,680.25 2 1
github.com/jordiprats/iamctl/cmd/diff.go:680.25,681.8 1 1
github.com/jordiprats/iamctl/cmd/diff.go:681.8,683.4 1 1
github.com/jordiprats/iamctl/cmd/diff.go:685.2,685.10 1 1
github.com/jordiprats/iamctl/cmd/gendocs.go:11.56,17.55 1 1
github.com/jordiprats/iamctl/cmd/gendocs.go:17.55,19.54 1 0
github.com/jordiprats/iamctl/cmd/gendocs.go:19.54,21.5 1 0
github.com/jordiprats/iamctl/cmd/gendocs.go:23.4,26.65 2 0
github.com/jordiprats/iamctl/cmd/gendocs.go:26.65,28.5 1 0
github.com/jordiprats/iamctl/cmd/gendocs.go:30.4,31.14 2 0
github.com/jordiprats/iamctl/cmd/helpers.go:10.51,11.32 1 1
github.com/jordiprats/iamctl/cmd/helpers.go:11.32,13.3 1 1
github.com/jordiprats/iamctl/cmd/helpers.go:14.2,14.23 1 1
github.com/jordiprats/iamctl/cmd/helpers.go:14.23,16.3 1 1
github.com/jordiprats/iamctl/cmd/helpers.go:19.51,23.19 4 0
github.com/jordiprats/iamctl/cmd/helpers.go:23.19,26.3 2 0
github.com/jordiprats/iamctl/cmd/helpers.go:27.2,29.105 3 0
github.com/jordiprats/iamctl/cmd/helpers.go:32.55,33.23 1 0
github.com/jordiprats/iamctl/cmd/helpers.go:33.23,35.3 1 0
github.com/jordiprats/iamctl/cmd/helpers.go:36.2,37.25 2 0
github.com/jordiprats/iamctl/cmd/helpers.go:37.25,39.3 1 0
github.com/jordiprats/iamctl/cmd/helpers.go:40.2,40.23 1 0
github.com/jordiprats/iamctl/cmd/helpers.go:40.23,42.13 2 0
github.com/jordiprats/iamctl/cmd/helpers.go:42.13,44.4 1 0
github.com/jordiprats/iamctl/cmd/helpers.go:45.3,45.42 1 0
github.com/jordiprats/iamctl/cmd/helpers.go:47.2,47.26 1 0
github.com/jordiprats/iamctl/cmd/helpers.go:47.26,49.13 2 0
github.com/jordiprats/iamctl/cmd/helpers.go:49.13,51.4 1 0
github.com/jordiprats/iamctl/cmd/helpers.go:52.3,52.40 1 0
github.com/jordiprats/iamctl/cmd/helpers.go:54.2,55.15 2 0
github.com/jordiprats/iamctl/cmd/helpers.go:55.15,57.3 1 0
github.com/jordiprats/iamctl/cmd/helpers.go:58.2,58.41 1 0
github.com/jordiprats/iamctl/cmd/helpers.go:61.50,64.22 3 0
github.com/jordiprats/iamctl/cmd/helpers.go:64.22,65.13 1 0
github.com/jordiprats/iamctl/cmd/helpers.go:65.13,67.4 1 0
github.com/jordiprats/iamctl/cmd/helpers.go:68.3,68.36 1 0
github.com/jordiprats/iamctl/cmd/helpers.go:70.2,71.12 2 0
github.com/jordiprats/iamctl/cmd/helpers.go:71.12,73.3 1 0
github.com/jordiprats/iamctl/cmd/helpers.go:74.2,74.37 1 0
github.com/jordiprats/iamctl/cmd/helpers.go:77.46,79.2 1 0
github.com/jordiprats/iamctl/cmd/helpers.go:81.46,83.29 2 0
github.com/jordiprats/iamctl/cmd/helpers.go:83.29,84.17 1 0
github.com/jordiprats/iamctl/cmd/helpers.go:84.17,85.12 1 0
github.com/jordiprats/iamctl/cmd/helpers.go:87.3,87.27 1 0
github.com/jordiprats/iamctl/cmd/helpers.go:89.2,89.34 1 0
github.com/jordiprats/iamctl/cmd/list.go:14.34,45.55 1 1
github.com/jordiprats/iamctl/cmd/list.go:45.55,49.20 3 0
github.com/jordiprats/iamctl/cmd/list.go:50.60,51.24 1 0
github.com/jordiprats/iamctl/cmd/list.go:52.55,53.25 1 0
github.com/jordiprats/iamctl/cmd/list.go:56.4,56.20 1 0
github.com/jordiprats/iamctl/cmd/list.go:56.20,58.5 1 0
github.com/jordiprats/iamctl/cmd/list.go:59.4,59.34 1 0
github.com/jordiprats/iamctl/cmd/list.go:64.2,79.12 9 1
github.com/jordiprats/iamctl/cmd/list.go:82.60,89.26 6 0
github.com/jordiprats/iamctl/cmd/list.go:89.26,91.3 1 0
github.com/jordiprats/iamctl/cmd/list.go:93.2,94.26 2 0
github.com/jordiprats/iamctl/cmd/list.go:94.26,97.3 2 0
github.com/jordiprats/iamctl/cmd/list.go:99.2,100.16 2 0
github.com/jordiprats/iamctl/cmd/list.go:100.16,102.3 1 0
github.com/jordiprats/iamctl/cmd/list.go:104.2,105.16 2 0
github.com/jordiprats/iamctl/cmd/list.go:105.16,107.3 1 0
github.com/jordiprats/iamctl/cmd/list.go:109.2,109.16 1 0
github.com/jordiprats/iamctl/cmd/list.go:110.14,111.17 1 0
github.com/jordiprats/iamctl/cmd/list.go:111.17,113.4 1 0
github.com/jordiprats/iamctl/cmd/list.go:114.3,121.27 3 0
github.com/jordiprats/iamctl/cmd/list.go:122.10,123.17 1 0
github.com/jordiprats/iamctl/cmd/list.go:123.17,124.31 1 0
github.com/jordiprats/iamctl/cmd/list.go:124.31,126.5 1 0
github.com/jordiprats/iamctl/cmd/list.go:127.4,127.14 1 0
github.com/jordiprats/iamctl/cmd/list.go:129.3,129.22 1 0
github.com/jordiprats/iamctl/cmd/list.go:129.22,132.4 2 0
github.com/jordiprats/iamctl/cmd/list.go:133.3,133.30 1 0
github.com/jordiprats/iamctl/cmd/list.go:133.30,135.30 2 0
github.com/jordiprats/iamctl/cmd/list.go:135.30,137.5 1 0
github.com/jordiprats/iamctl/cmd/list.go:138.4,138.74 1 0
github.com/jordiprats/iamctl/cmd/list.go:142.2,142.12 1 0
github.com/jordiprats/iamctl/cmd/list.go:145.63,154.16 8 0
github.com/jordiprats/iamctl/cmd/list.go:154.16,156.3 1 0
github.com/jordiprats/iamctl/cmd/list.go:158.2,159.16 2 0
github.com/jordiprats/iamctl/cmd/list.go:159.16,161.3 1 0
github.com/jordiprats/iamctl/cmd/list.go:163.2,169.16 3 0
github.com/jordiprats/iamctl/cmd/list.go:169.16,171.3 1 0
github.com/jordiprats/iamctl/cmd/list.go:173.2,173.16 1 0
github.com/jordiprats/iamctl/cmd/list.go:174.14,184.27 3 0
github.com/jordiprats/iamctl/cmd/list.go:185.10,186.25 1 0
github.com/jordiprats/iamctl/cmd/list.go:186.25,189.4 2 0
github.com/jordiprats/iamctl/cmd/list.go:190.3,191.30 2 0
github.com/jordiprats/iamctl/cmd/list.go:191.30,193.18 2 0
github.com/jordiprats/iamctl/cmd/list.go:193.18,195.5 1 0
github.com/jordiprats/iamctl/cmd/list.go:196.4,196.69 1 0
github.com/jordiprats/iamctl/cmd/list.go:200.2,200.12 1 0
github.com/jordiprats/iamctl/cmd/list.go:203.68,204.51 1 0
github.com/jordiprats/iamctl/cmd/list.go:205.13,206.39 1 0
github.com/jordiprats/iamctl/cmd/list.go:207.13,208.39 1 0
github.com/jordiprats/iamctl/cmd/list.go:209.15,210.41 1 0
github.com/jordiprats/iamctl/cmd/list.go:211.10,212.83 1 0
github.com/jordiprats/iamctl/cmd/merge_policies.go:17.72,19.29 2 1
github.com/jordiprats/iamctl/cmd/merge_policies.go:19.29,20.46 1 1
github.com/jordiprats/iamctl/cmd/merge_policies.go:20.46,22.4 1 1
github.com/jordiprats/iamctl/cmd/merge_policies.go:24.2,24.13 1 1
github.com/jordiprats/iamctl/cmd/merge_policies.go:27.43,59.55 1 1
github.com/jordiprats/iamctl/cmd/merge_policies.go:59.55,68.42 8 0
github.com/jordiprats/iamctl/cmd/merge_policies.go:68.42,70.5 1 0
github.com/jordiprats/iamctl/cmd/merge_policies.go:71.4,71.42 1 0
github.com/jordiprats/iamctl/cmd/merge_policies.go:71.42,73.5 1 0
github.com/jordiprats/iamctl/cmd/merge_policies.go:74.4,74.42 1 0
github.com/jordiprats/iamctl/cmd/merge_policies.go:74.42,76.5 1 0
github.com/jordiprats/iamctl/cmd/merge_policies.go:78.4,80.22 2 0
github.com/jordiprats/iamctl/cmd/merge_policies.go:80.22,82.19 2 0
github.com/jordiprats/iamctl/cmd/merge_policies.go:82.19,84.6 1 0
github.com/jordiprats/iamctl/cmd/merge_policies.go:85.5,85.27 1 0
github.com/jordiprats/iamctl/cmd/merge_policies.go:86.10,88.19 2 0
github.com/jordiprats/iamctl/cmd/merge_policies.go:88.19,90.6 1 0
github.com/jordiprats/iamctl/cmd/merge_policies.go:91.5,91.27 1 0
github.com/jordiprats/iamctl/cmd/merge_policies.go:94.4,94.14 1 0
github.com/jordiprats/iamctl/cmd/merge_policies.go:94.14,96.35 2 0
github.com/jordiprats/iamctl/cmd/merge_policies.go:96.35,98.6 1 0
github.com/jordiprats/iamctl/cmd/merge_policies.go:99.5,101.38 3 0
github.com/jordiprats/iamctl/cmd/merge_policies.go:101.38,103.6 1 0
github.com/jordiprats/iamctl/cmd/merge_policies.go:106.4,108.18 2 0
github.com/jordiprats/iamctl/cmd/merge_policies.go:108.18,110.5 1 0
github.com/jordiprats/iamctl/cmd/merge_policies.go:112.4,113.14 2 0
github.com/jordiprats/iamctl/cmd/merge_policies.go:113.14,115.5 1 0
github.com/jordiprats/iamctl/cmd/merge_policies.go:115.10,117.5 1 0
github.com/jordiprats/iamctl/cmd/merge_policies.go:118.4,125.29 4 0
github.com/jordiprats/iamctl/cmd/merge_policies.go:129.2,137.12 8 1
github.com/jordiprats/iamctl/cmd/merge_policies.go:141.120,143.16 2 0
github.com/jordiprats/iamctl/cmd/merge_policies.go:143.16,145.3 1 0
github.com/jordiprats/iamctl/cmd/merge_policies.go:147.2,147.12 1 0
github.com/jordiprats/iamctl/cmd/merge_policies.go:147.12,149.3 1 0
github.com/jordiprats/iamctl/cmd/merge_policies.go:151.2,152.16 2 0
github.com/jordiprats/iamctl/cmd/merge_policies.go:152.16,154.3 1 0
github.com/jordiprats/iamctl/cmd/merge_policies.go:156.2,156.24 1 0
github.com/jordiprats/iamctl/cmd/merge_policies.go:156.24,158.3 1 0
github.com/jordiprats/iamctl/cmd/merge_policies.go:160.2,160.22 1 0
github.com/jordiprats/iamctl/cmd/merge_policies.go:164.140,166.16 2 0
github.com/jordiprats/iamctl/cmd/merge_policies.go:166.16,168.3 1 0
github.com/jordiprats/iamctl/cmd/merge_policies.go:170.2,171.16 2 0
github.com/jordiprats/iamctl/cmd/merge_policies.go:171.16,173.3 1 0
github.com/jordiprats/iamctl/cmd/merge_policies.go:175.2,176.16 2 0
github.com/jordiprats/iamctl/cmd/merge_policies.go:176.16,178.3 1 0
github.com/jordiprats/iamctl/cmd/merge_policies.go:181.2,181.20 1 0
github.com/jordiprats/iamctl/cmd/merge_policies.go:181.20,183.27 2 0
github.com/jordiprats/iamctl/cmd/merge_policies.go:183.27,184.31 1 0
github.com/jordiprats/iamctl/cmd/merge_policies.go:184.31,186.5 1 0
github.com/jordiprats/iamctl/cmd/merge_policies.go:188.3,189.30 2 0
github.com/jordiprats/iamctl/cmd/merge_policies.go:189.30,190.31 1 0
github.com/jordiprats/iamctl/cmd/merge_policies.go:190.31,192.5 1 0
github.com/jordiprats/iamctl/cmd/merge_policies.go:194.3,194.60 1 0
github.com/jordiprats/iamctl/cmd/merge_policies.go:194.60,196.28 2 0
github.com/jordiprats/iamctl/cmd/merge_policies.go:196.28,198.5 1 0
github.com/jordiprats/iamctl/cmd/merge_policies.go:199.4,199.31 1 0
github.com/jordiprats/iamctl/cmd/merge_policies.go:199.31,201.5 1 0
github.com/jordiprats/iamctl/cmd/merge_policies.go:202.4,202.121 1 0
github.com/jordiprats/iamctl/cmd/merge_policies.go:204.3,205.30 2 0
github.com/jordiprats/iamctl/cmd/merge_policies.go:208.2,208.43 1 0
github.com/jordiprats/iamctl/cmd/merge_policies.go:208.43,210.3 1 0
github.com/jordiprats/iamctl/cmd/merge_policies.go:212.2,214.29 2 0
github.com/jordiprats/iamctl/cmd/merge_policies.go:214.29,216.17 2 0
github.com/jordiprats/iamctl/cmd/merge_policies.go:216.17,218.4 1 0
github.com/jordiprats/iamctl/cmd/merge_policies.go:219.3,219.39 1 0
github.com/jordiprats/iamctl/cmd/merge_policies.go:219.39,221.4 1 0
github.com/jordiprats/iamctl/cmd/merge_policies.go:224.2,224.31 1 0
github.com/jordiprats/iamctl/cmd/merge_policies.go:224.31,226.3 1 0
github.com/jordiprats/iamctl/cmd/merge_policies.go:228.2,228.27 1 0
github.com/jordiprats/iamctl/cmd/merge_policies.go:228.27,230.3 1 0
github.com/jordiprats/iamctl/cmd/merge_policies.go:232.2,232.25 1 0
github.com/jordiprats/iamctl/cmd/merge_policies.go:236.134,241.56 3 0
github.com/jordiprats/iamctl/cmd/merge_policies.go:241.56,243.3 1 0
github.com/jordiprats/iamctl/cmd/merge_policies.go:246.2,246.51 1 0
github.com/jordiprats/iamctl/cmd/merge_policies.go:246.51,248.17 2 0
github.com/jordiprats/iamctl/cmd/merge_policies.go:248.17,250.4 1 0
github.com/jordiprats/iamctl/cmd/merge_policies.go:250.9,251.61 1 0
github.com/jordiprats/iamctl/cmd/merge_policies.go:251.61,253.19 2 0
github.com/jordiprats/iamctl/cmd/merge_policies.go:253.19,255.14 2 0
github.com/jordiprats/iamctl/cmd/merge_policies.go:257.5,257.15 1 0
github.com/jordiprats/iamctl/cmd/merge_policies.go:257.15,259.6 1 0
github.com/jordiprats/iamctl/cmd/merge_policies.go:260.5,260.92 1 0
github.com/jordiprats/iamctl/cmd/merge_policies.go:266.2,266.48 1 0
github.com/jordiprats/iamctl/cmd/merge_policies.go:266.48,268.17 2 0
github.com/jordiprats/iamctl/cmd/merge_policies.go:268.17,270.4 1 0
github.com/jordiprats/iamctl/cmd/merge_policies.go:272.3,272.57 1 0
github.com/jordiprats/iamctl/cmd/merge_policies.go:272.57,273.14 1 0
github.com/jordiprats/iamctl/cmd/merge_policies.go:273.14,275.5 1 0
github.com/jordiprats/iamctl/cmd/merge_policies.go:276.4,277.18 2 0
github.com/jordiprats/iamctl/cmd/merge_policies.go:277.18,279.5 1 0
github.com/jordiprats/iamctl/cmd/merge_policies.go:280.4,281.56 2 0
github.com/jordiprats/iamctl/cmd/merge_policies.go:281.56,283.5 1 0
github.com/jordiprats/iamctl/cmd/merge_policies.go:284.4,284.29 1 0
github.com/jordiprats/iamctl/cmd/merge_policies.go:288.2,288.20 1 0
github.com/jordiprats/iamctl/cmd/optimize.go:22.38,62.55 1 1
github.com/jordiprats/iamctl/cmd/optimize.go:62.55,72.20 8 0
github.com/jordiprats/iamctl/cmd/optimize.go:73.81,74.23 1 0
github.com/jordiprats/iamctl/cmd/optimize.go:77.4,82.21 5 0
github.com/jordiprats/iamctl/cmd/optimize.go:82.21,84.5 1 0
github.com/jordiprats/iamctl/cmd/optimize.go:85.4,86.18 2 0
github.com/jordiprats/iamctl/cmd/optimize.go:86.18,88.5 1 0
github.com/jordiprats/iamctl/cmd/optimize.go:90.4,96.18 3 0
github.com/jordiprats/iamctl/cmd/optimize.go:96.18,98.5 1 0
github.com/jordiprats/iamctl/cmd/optimize.go:99.4,101.19 2 0
github.com/jordiprats/iamctl/cmd/optimize.go:101.19,103.5 1 0
github.com/jordiprats/iamctl/cmd/optimize.go:104.4,104.92 1 0
github.com/jordiprats/iamctl/cmd/optimize.go:108.2,114.12 6 1
github.com/jordiprats/iamctl/cmd/optimize.go:118.104,119.12 1 0
github.com/jordiprats/iamctl/cmd/optimize.go:119.12,121.3 1 0
github.com/jordiprats/iamctl/cmd/optimize.go:123.2,124.16 2 0
github.com/jordiprats/iamctl/cmd/optimize.go:124.16,126.3 1 0
github.com/jordiprats/iamctl/cmd/optimize.go:128.2,128.12 1 0
github.com/jordiprats/iamctl/cmd/optimize.go:128.12,130.3 1 0
github.com/jordiprats/iamctl/cmd/optimize.go:132.2,134.26 2 0
github.com/jordiprats/iamctl/cmd/optimize.go:134.26,136.3 1 0
github.com/jordiprats/iamctl/cmd/optimize.go:138.2,145.24 4 0
github.com/jordiprats/iamctl/cmd/optimize.go:149.149,150.12 1 0
github.com/jordiprats/iamctl/cmd/optimize.go:150.12,152.3 1 0
github.com/jordiprats/iamctl/cmd/optimize.go:153.2,154.16 2 0
github.com/jordiprats/iamctl/cmd/optimize.go:154.16,156.3 1 0
github.com/jordiprats/iamctl/cmd/optimize.go:157.2,157.24 1 0
github.com/jordiprats/iamctl/cmd/optimize.go:157.24,159.3 1 0
github.com/jordiprats/iamctl/cmd/optimize.go:160.2,160.12 1 0
github.com/jordiprats/iamctl/cmd/optimize.go:160.12,162.3 1 0
github.com/jordiprats/iamctl/cmd/optimize.go:163.2,167.16 3 0
github.com/jordiprats/iamctl/cmd/optimize.go:167.16,169.3 1 0
github.com/jordiprats/iamctl/cmd/optimize.go:171.2,171.12 1 0
github.com/jordiprats/iamctl/cmd/optimize.go:171.12,174.3 2 0
github.com/jordiprats/iamctl/cmd/optimize.go:177.2,182.12 2 0
github.com/jordiprats/iamctl/cmd/optimize.go:182.12,183.23 1 0
github.com/jordiprats/iamctl/cmd/optimize.go:183.23,185.30 2 0
github.com/jordiprats/iamctl/cmd/optimize.go:185.30,187.5 1 0
github.com/jordiprats/iamctl/cmd/optimize.go:188.4,188.27 1 0
github.com/jordiprats/iamctl/cmd/optimize.go:189.9,191.4 1 0
github.com/jordiprats/iamctl/cmd/optimize.go:194.2,196.27 3 0
github.com/jordiprats/iamctl/cmd/optimize.go:201.84,204.37 2 1
github.com/jordiprats/iamctl/cmd/optimize.go:204.37,206.22 2 1
github.com/jordiprats/iamctl/cmd/optimize.go:206.22,208.4 1 1
github.com/jordiprats/iamctl/cmd/optimize.go:212.2,213.29 2 1
github.com/jordiprats/iamctl/cmd/optimize.go:213.29,215.3 1 1
github.com/jordiprats/iamctl/cmd/optimize.go:216.2,219.35 3 1
github.com/jordiprats/iamctl/cmd/optimize.go:219.35,228.3 4 1
github.com/jordiprats/iamctl/cmd/optimize.go:230.2,230.19 1 1
github.com/jordiprats/iamctl/cmd/optimize.go:235.149,240.16 2 0
github.com/jordiprats/iamctl/cmd/optimize.go:240.16,242.3 1 0
github.com/jordiprats/iamctl/cmd/optimize.go:244.2,247.6 3 0
github.com/jordiprats/iamctl/cmd/optimize.go:247.6,251.17 2 0
github.com/jordiprats/iamctl/cmd/optimize.go:251.17,253.4 1 0
github.com/jordiprats/iamctl/cmd/optimize.go:254.3,254.59 1 0
github.com/jordiprats/iamctl/cmd/optimize.go:254.59,255.9 1 0
github.com/jordiprats/iamctl/cmd/optimize.go:257.3,257.56 1 0
github.com/jordiprats/iamctl/cmd/optimize.go:257.56,259.4 1 0
github.com/jordiprats/iamctl/cmd/optimize.go:260.3,260.10 1 0
github.com/jordiprats/iamctl/cmd/optimize.go:261.21,262.30 1 0
github.com/jordiprats/iamctl/cmd/optimize.go:263.38,263.38 0 0
github.com/jordiprats/iamctl/cmd/optimize.go:267.2,272.26 4 0
github.com/jordiprats/iamctl/cmd/optimize.go:272.26,277.17 2 0
github.com/jordiprats/iamctl/cmd/optimize.go:277.17,278.9 1 0
github.com/jordiprats/iamctl/cmd/optimize.go:280.3,282.41 3 0
github.com/jordiprats/iamctl/cmd/optimize.go:285.2,285.31 1 0
github.com/jordiprats/iamctl/cmd/optimize.go:285.31,286.84 1 0
github.com/jordiprats/iamctl/cmd/optimize.go:286.84,287.12 1 0
github.com/jordiprats/iamctl/cmd/optimize.go:289.3,289.44 1 0
github.com/jordiprats/iamctl/cmd/optimize.go:289.44,290.12 1 0
github.com/jordiprats/iamctl/cmd/optimize.go:292.3,292.57 1 0
github.com/jordiprats/iamctl/cmd/optimize.go:292.57,293.40 1 0
github.com/jordiprats/iamctl/cmd/optimize.go:293.40,297.5 3 0
github.com/jordiprats/iamctl/cmd/optimize.go:301.2,301.31 1 0
github.com/jordiprats/iamctl/cmd/optimize.go:313.130,317.37 3 1
github.com/jordiprats/iamctl/cmd/optimize.go:317.37,319.45 1 1
github.com/jordiprats/iamctl/cmd/optimize.go:319.45,320.23 1 1
github.com/jordiprats/iamctl/cmd/optimize.go:320.23,321.13 1 1
github.com/jordiprats/iamctl/cmd/optimize.go:323.4,324.12 2 1
github.com/jordiprats/iamctl/cmd/optimize.go:328.3,328.28 1 1
github.com/jordiprats/iamctl/cmd/optimize.go:328.28,330.12 2 1
github.com/jordiprats/iamctl/cmd/optimize.go:334.3,334.25 1 1
github.com/jordiprats/iamctl/cmd/optimize.go:334.25,336.12 2 1
github.com/jordiprats/iamctl/cmd/optimize.go:339.3,341.29 3 1
github.com/jordiprats/iamctl/cmd/optimize.go:341.29,342.19 1 1
github.com/jordiprats/iamctl/cmd/optimize.go:342.19,344.25 2 1
github.com/jordiprats/iamctl/cmd/optimize.go:344.25,346.6 1 1
github.com/jordiprats/iamctl/cmd/optimize.go:346.11,348.6 1 0
github.com/jordiprats/iamctl/cmd/optimize.go:349.5,349.13 1 1
github.com/jordiprats/iamctl/cmd/optimize.go:352.4,352.37 1 1
github.com/jordiprats/iamctl/cmd/optimize.go:352.37,354.5 1 1
github.com/jordiprats/iamctl/cmd/optimize.go:354.10,356.5 1 1
github.com/jordiprats/iamctl/cmd/optimize.go:359.3,361.26 2 1
github.com/jordiprats/iamctl/cmd/optimize.go:361.26,362.12 1 1
github.com/jordiprats/iamctl/cmd/optimize.go:365.3,366.26 2 1
github.com/jordiprats/iamctl/cmd/optimize.go:366.26,368.4 1 1
github.com/jordiprats/iamctl/cmd/optimize.go:368.9,370.32 2 1
github.com/jordiprats/iamctl/cmd/optimize.go:370.32,372.5 1 1
github.com/jordiprats/iamctl/cmd/optimize.go:373.4,373.26 1 1
github.com/jordiprats/iamctl/cmd/optimize.go:375.3,375.31 1 1
github.com/jordiprats/iamctl/cmd/optimize.go:378.2,378.17 1 1
github.com/jordiprats/iamctl/cmd/optimize.go:378.17,380.3 1 1
github.com/jordiprats/iamctl/cmd/optimize.go:381.2,387.12 3 1
github.com/jordiprats/iamctl/cmd/optimize.go:392.77,395.34 2 1
github.com/jordiprats/iamctl/cmd/optimize.go:395.34,397.3 1 1
github.com/jordiprats/iamctl/cmd/optimize.go:399.2,399.44 1 1
github.com/jordiprats/iamctl/cmd/optimize.go:399.44,401.17 2 1
github.com/jordiprats/iamctl/cmd/optimize.go:401.17,403.4 1 0
github.com/jordiprats/iamctl/cmd/optimize.go:404.3,404.27 1 1
github.com/jordiprats/iamctl/cmd/optimize.go:404.27,405.25 1 1
github.com/jordiprats/iamctl/cmd/optimize.go:405.25,407.5 1 1
github.com/jordiprats/iamctl/cmd/optimize.go:409.3,409.15 1 1
github.com/jordiprats/iamctl/cmd/optimize.go:412.2,412.14 1 1
github.com/jordiprats/iamctl/cmd/optimize.go:415.87,417.42 2 1
github.com/jordiprats/iamctl/cmd/optimize.go:417.42,419.3 1 1
github.com/jordiprats/iamctl/cmd/optimize.go:421.2,421.45 1 1
github.com/jordiprats/iamctl/cmd/optimize.go:421.45,423.3 1 0
github.com/jordiprats/iamctl/cmd/optimize.go:425.2,426.16 2 1
github.com/jordiprats/iamctl/cmd/optimize.go:426.16,428.3 1 0
github.com/jordiprats/iamctl/cmd/optimize.go:430.2,431.47 2 1
github.com/jordiprats/iamctl/cmd/optimize.go:431.47,432.34 1 1
github.com/jordiprats/iamctl/cmd/optimize.go:432.34,434.4 1 1
github.com/jordiprats/iamctl/cmd/optimize.go:437.2,438.31 2 1
github.com/jordiprats/iamctl/cmd/optimize.go:441.46,442.21 1 1
github.com/jordiprats/iamctl/cmd/optimize.go:442.21,444.3 1 1
github.com/jordiprats/iamctl/cmd/optimize.go:446.2,448.31 3 1
github.com/jordiprats/iamctl/cmd/optimize.go:448.31,449.31 1 1
github.com/jordiprats/iamctl/cmd/optimize.go:449.31,450.12 1 1
github.com/jordiprats/iamctl/cmd/optimize.go:452.3,453.33 2 1
github.com/jordiprats/iamctl/cmd/optimize.go:455.2,455.15 1 1
github.com/jordiprats/iamctl/cmd/optimize.go:458.73,459.25 1 1
github.com/jordiprats/iamctl/cmd/optimize.go:459.25,461.3 1 0
github.com/jordiprats/iamctl/cmd/optimize.go:463.2,465.34 3 1
github.com/jordiprats/iamctl/cmd/optimize.go:465.34,467.17 2 1
github.com/jordiprats/iamctl/cmd/optimize.go:467.17,469.12 2 0
github.com/jordiprats/iamctl/cmd/optimize.go:471.3,472.29 2 1
github.com/jordiprats/iamctl/cmd/optimize.go:472.29,473.12 1 1
github.com/jordiprats/iamctl/cmd/optimize.go:475.3,476.32 2 1
github.com/jordiprats/iamctl/cmd/optimize.go:478.2,478.15 1 1
github.com/jordiprats/iamctl/cmd/optimize.go:481.74,482.25 1 1
github.com/jordiprats/iamctl/cmd/optimize.go:482.25,484.3 1 1
github.com/jordiprats/iamctl/cmd/optimize.go:486.2,494.55 4 1
github.com/jordiprats/iamctl/cmd/optimize.go:494.55,496.17 2 1
github.com/jordiprats/iamctl/cmd/optimize.go:496.17,498.25 2 0
github.com/jordiprats/iamctl/cmd/optimize.go:498.25,500.5 1 0
github.com/jordiprats/iamctl/cmd/optimize.go:500.10,502.5 1 0
github.com/jordiprats/iamctl/cmd/optimize.go:505.3,506.10 2 1
github.com/jordiprats/iamctl/cmd/optimize.go:506.10,510.4 3 1
github.com/jordiprats/iamctl/cmd/optimize.go:511.3,511.14 1 1
github.com/jordiprats/iamctl/cmd/optimize.go:514.2,515.28 2 1
github.com/jordiprats/iamctl/cmd/optimize.go:515.28,518.20 3 1
github.com/jordiprats/iamctl/cmd/optimize.go:518.20,520.4 1 1
github.com/jordiprats/iamctl/cmd/optimize.go:522.3,522.32 1 1
github.com/jordiprats/iamctl/cmd/optimize.go:525.2,525.15 1 1
github.com/jordiprats/iamctl/cmd/optimize.go:528.76,530.34 2 1
github.com/jordiprats/iamctl/cmd/optimize.go:530.34,532.58 2 1
github.com/jordiprats/iamctl/cmd/optimize.go:532.58,534.4 1 1
github.com/jordiprats/iamctl/cmd/optimize.go:535.3,535.61 1 1
github.com/jordiprats/iamctl/cmd/optimize.go:535.61,537.4 1 0
github.com/jordiprats/iamctl/cmd/optimize.go:538.3,538.60 1 1
github.com/jordiprats/iamctl/cmd/optimize.go:538.60,540.4 1 1
github.com/jordiprats/iamctl/cmd/optimize.go:541.3,541.63 1 1
github.com/jordiprats/iamctl/cmd/optimize.go:541.63,543.4 1 0
github.com/jordiprats/iamctl/cmd/optimize.go:544.3,544.38 1 1
github.com/jordiprats/iamctl/cmd/optimize.go:546.2,546.15 1 1
github.com/jordiprats/iamctl/cmd/optimize.go:549.68,553.16 4 1
github.com/jordiprats/iamctl/cmd/optimize.go:553.16,555.3 1 0
github.com/jordiprats/iamctl/cmd/optimize.go:556.2,556.30 1 1
github.com/jordiprats/iamctl/cmd/optimize.go:559.63,560.18 1 1
github.com/jordiprats/iamctl/cmd/optimize.go:560.18,562.3 1 1
github.com/jordiprats/iamctl/cmd/optimize.go:564.2,565.22 2 1
github.com/jordiprats/iamctl/cmd/optimize.go:565.22,567.3 1 0
github.com/jordiprats/iamctl/cmd/optimize.go:569.2,571.21 3 1
github.com/jordiprats/iamctl/cmd/optimize.go:574.53,575.22 1 1
github.com/jordiprats/iamctl/cmd/optimize.go:575.22,577.3 1 1
github.com/jordiprats/iamctl/cmd/optimize.go:578.2,579.31 2 1
github.com/jordiprats/iamctl/cmd/optimize.go:579.31,581.3 1 1
github.com/jordiprats/iamctl/cmd/optimize.go:582.2,582.15 1 1
github.com/jordiprats/iamctl/cmd/optimize.go:586.87,588.31 2 1
github.com/jordiprats/iamctl/cmd/optimize.go:588.31,590.3 1 1
github.com/jordiprats/iamctl/cmd/optimize.go:591.2,594.3 1 1
github.com/jordiprats/iamctl/cmd/optimize.go:597.54,598.16 1 1
github.com/jordiprats/iamctl/cmd/optimize.go:598.16,600.3 1 1
github.com/jordiprats/iamctl/cmd/optimize.go:601.2,601.24 1 1
github.com/jordiprats/iamctl/cmd/optimize.go:601.24,603.3 1 1
github.com/jordiprats/iamctl/cmd/optimize.go:604.2,604.11 1 1
github.com/jordiprats/iamctl/cmd/optimize.go:608.76,611.51 2 0
github.com/jordiprats/iamctl/cmd/optimize.go:611.51,612.35 1 0
github.com/jordiprats/iamctl/cmd/optimize.go:612.35,613.12 1 0
github.com/jordiprats/iamctl/cmd/optimize.go:615.3,616.42 2 0
github.com/jordiprats/iamctl/cmd/optimize.go:616.42,618.4 1 0
github.com/jordiprats/iamctl/cmd/optimize.go:619.3,619.41 1 0
github.com/jordiprats/iamctl/cmd/optimize.go:619.41,621.4 1 0
github.com/jordiprats/iamctl/cmd/optimize.go:624.2,624.22 1 0
github.com/jordiprats/iamctl/cmd/optimize.go:624.22,628.3 2 0
github.com/jordiprats/iamctl/cmd/optimize.go:629.2,629.90 1 0
github.com/jordiprats/iamctl/cmd/root.go:6.48,25.2 11 1
