mode: set
github.com/jordiprats/iamctl/pkg/boundary/boundary.go:22.65,26.21 3 1
github.com/jordiprats/iamctl/pkg/boundary/boundary.go:26.21,28.3 1 0
github.com/jordiprats/iamctl/pkg/boundary/boundary.go:28.8,30.3 1 1
github.com/jordiprats/iamctl/pkg/boundary/boundary.go:31.2,31.16 1 1
github.com/jordiprats/iamctl/pkg/boundary/boundary.go:31.16,33.3 1 1
github.com/jordiprats/iamctl/pkg/boundary/boundary.go:36.2,37.108 2 1
github.com/jordiprats/iamctl/pkg/boundary/boundary.go:37.108,43.3 2 1
github.com/jordiprats/iamctl/pkg/boundary/boundary.go:46.2,47.77 2 1
github.com/jordiprats/iamctl/pkg/boundary/boundary.go:47.77,52.3 1 1
github.com/jordiprats/iamctl/pkg/boundary/boundary.go:55.2,56.77 2 1
github.com/jordiprats/iamctl/pkg/boundary/boundary.go:56.77,61.3 1 1
github.com/jordiprats/iamctl/pkg/boundary/boundary.go:64.2,66.21 3 1
github.com/jordiprats/iamctl/pkg/boundary/boundary.go:66.21,68.50 2 1
github.com/jordiprats/iamctl/pkg/boundary/boundary.go:68.50,70.4 1 1
github.com/jordiprats/iamctl/pkg/boundary/boundary.go:73.2,73.38 1 1
github.com/jordiprats/iamctl/pkg/boundary/boundary.go:73.38,75.3 1 0
github.com/jordiprats/iamctl/pkg/boundary/boundary.go:77.2,77.23 1 1
github.com/jordiprats/iamctl/pkg/boundary/boundary.go:77.23,82.3 1 1
github.com/jordiprats/iamctl/pkg/boundary/boundary.go:84.2,84.70 1 0
github.com/jordiprats/iamctl/pkg/boundary/boundary.go:88.66,89.22 1 1
github.com/jordiprats/iamctl/pkg/boundary/boundary.go:89.22,91.3 1 1
github.com/jordiprats/iamctl/pkg/boundary/boundary.go:92.2,93.16 2 1
github.com/jordiprats/iamctl/pkg/boundary/boundary.go:97.68,101.37 3 1
github.com/jordiprats/iamctl/pkg/boundary/boundary.go:101.37,102.22 1 1
github.com/jordiprats/iamctl/pkg/boundary/boundary.go:103.16,104.26 1 1
github.com/jordiprats/iamctl/pkg/boundary/boundary.go:104.26,106.75 2 1
github.com/jordiprats/iamctl/pkg/boundary/boundary.go:106.75,108.6 1 1
github.com/jordiprats/iamctl/pkg/boundary/boundary.go:109.10,109.36 1 1
github.com/jordiprats/iamctl/pkg/boundary/boundary.go:109.36,111.76 2 1
github.com/jordiprats/iamctl/pkg/boundary/boundary.go:111.76,114.98 1 1
github.com/jordiprats/iamctl/pkg/boundary/boundary.go:114.98,115.12 1 1
github.com/jordiprats/iamctl/pkg/boundary/boundary.go:117.6,117.20 1 1
github.com/jordiprats/iamctl/pkg/boundary/boundary.go:120.15,121.29 1 1
github.com/jordiprats/iamctl/pkg/boundary/boundary.go:121.29,123.76 2 1
github.com/jordiprats/iamctl/pkg/boundary/boundary.go:123.76,126.98 1 1
github.com/jordiprats/iamctl/pkg/boundary/boundary.go:126.98,127.12 1 1
github.com/jordiprats/iamctl/pkg/boundary/boundary.go:129.6,129.19 1 1
github.com/jordiprats/iamctl/pkg/boundary/boundary.go:131.10,131.33 1 1
github.com/jordiprats/iamctl/pkg/boundary/boundary.go:131.33,133.75 2 1
github.com/jordiprats/iamctl/pkg/boundary/boundary.go:133.75,135.6 1 1
github.com/jordiprats/iamctl/pkg/boundary/boundary.go:140.2,140.12 1 1
github.com/jordiprats/iamctl/pkg/boundary/boundary.go:140.12,142.3 1 1
github.com/jordiprats/iamctl/pkg/boundary/boundary.go:143.2,143.16 1 1
github.com/jordiprats/iamctl/pkg/boundary/boundary.go:149.75,150.22 1 1
github.com/jordiprats/iamctl/pkg/boundary/boundary.go:150.22,152.3 1 1
github.com/jordiprats/iamctl/pkg/boundary/boundary.go:153.2,154.17 2 1
github.com/jordiprats/iamctl/pkg/boundary/boundary.go:161.84,166.37 4 1
github.com/jordiprats/iamctl/pkg/boundary/boundary.go:166.37,167.22 1 1
github.com/jordiprats/iamctl/pkg/boundary/boundary.go:168.16,169.26 1 1
github.com/jordiprats/iamctl/pkg/boundary/boundary.go:169.26,171.84 2 1
github.com/jordiprats/iamctl/pkg/boundary/boundary.go:171.84,173.6 1 1
github.com/jordiprats/iamctl/pkg/boundary/boundary.go:174.10,174.36 1 1
github.com/jordiprats/iamctl/pkg/boundary/boundary.go:174.36,176.76 2 1
github.com/jordiprats/iamctl/pkg/boundary/boundary.go:176.76,177.98 1 1
github.com/jordiprats/iamctl/pkg/boundary/boundary.go:177.98,178.15 1 0
github.com/jordiprats/iamctl/pkg/boundary/boundary.go:180.6,180.109 1 1
github.com/jordiprats/iamctl/pkg/boundary/boundary.go:183.15,184.29 1 1
github.com/jordiprats/iamctl/pkg/boundary/boundary.go:184.29,187.84 3 1
github.com/jordiprats/iamctl/pkg/boundary/boundary.go:187.84,190.6 1 1
github.com/jordiprats/iamctl/pkg/boundary/boundary.go:197.2,197.55 1 1
github.com/jordiprats/iamctl/pkg/boundary/boundary.go:197.55,199.3 1 1
github.com/jordiprats/iamctl/pkg/boundary/boundary.go:200.2,200.22 1 1
github.com/jordiprats/iamctl/pkg/boundary/boundary.go:204.96,205.29 1 1
github.com/jordiprats/iamctl/pkg/boundary/boundary.go:205.29,208.18 3 1
github.com/jordiprats/iamctl/pkg/boundary/boundary.go:208.18,210.4 1 1
github.com/jordiprats/iamctl/pkg/boundary/boundary.go:210.9,210.25 1 1
github.com/jordiprats/iamctl/pkg/boundary/boundary.go:210.25,212.4 1 1
github.com/jordiprats/iamctl/pkg/boundary/boundary.go:214.2,214.8 1 1
github.com/jordiprats/iamctl/pkg/matcher/matcher.go:9.49,11.27 2 1
github.com/jordiprats/iamctl/pkg/matcher/matcher.go:12.14,13.29 1 1
github.com/jordiprats/iamctl/pkg/matcher/matcher.go:14.21,15.26 1 1
github.com/jordiprats/iamctl/pkg/matcher/matcher.go:15.26,16.36 1 1
github.com/jordiprats/iamctl/pkg/matcher/matcher.go:16.36,18.5 1 1
github.com/jordiprats/iamctl/pkg/matcher/matcher.go:21.2,21.15 1 1
github.com/jordiprats/iamctl/pkg/matcher/matcher.go:25.64,28.29 3 1
github.com/jordiprats/iamctl/pkg/matcher/matcher.go:28.29,29.13 1 1
github.com/jordiprats/iamctl/pkg/matcher/matcher.go:30.12,31.23 1 1
github.com/jordiprats/iamctl/pkg/matcher/matcher.go:32.12,33.20 1 1
github.com/jordiprats/iamctl/pkg/matcher/matcher.go:34.11,35.47 1 1
github.com/jordiprats/iamctl/pkg/matcher/matcher.go:38.2,39.35 2 1
github.com/jordiprats/iamctl/pkg/matcher/matcher.go:43.75,45.35 2 1
github.com/jordiprats/iamctl/pkg/matcher/matcher.go:45.35,47.17 2 1
github.com/jordiprats/iamctl/pkg/matcher/matcher.go:47.17,48.12 1 0
github.com/jordiprats/iamctl/pkg/matcher/matcher.go:50.3,50.29 1 1
github.com/jordiprats/iamctl/pkg/matcher/matcher.go:50.29,52.4 1 1
github.com/jordiprats/iamctl/pkg/matcher/matcher.go:54.2,54.34 1 1
github.com/jordiprats/iamctl/pkg/matcher/matcher.go:58.43,60.2 1 1
github.com/jordiprats/iamctl/pkg/matcher/matcher.go:63.41,64.29 1 1
github.com/jordiprats/iamctl/pkg/matcher/matcher.go:64.29,65.29 1 1
github.com/jordiprats/iamctl/pkg/matcher/matcher.go:65.29,67.4 1 1
github.com/jordiprats/iamctl/pkg/matcher/matcher.go:69.2,69.16 1 1
github.com/jordiprats/iamctl/pkg/matcher/matcher.go:77.43,82.17 5 1
github.com/jordiprats/iamctl/pkg/matcher/matcher.go:82.17,84.3 1 1
github.com/jordiprats/iamctl/pkg/matcher/matcher.go:85.2,85.52 1 1
github.com/jordiprats/iamctl/pkg/matcher/matcher.go:92.72,93.29 1 1
github.com/jordiprats/iamctl/pkg/matcher/matcher.go:93.29,94.36 1 1
github.com/jordiprats/iamctl/pkg/matcher/matcher.go:94.36,96.4 1 1
github.com/jordiprats/iamctl/pkg/matcher/matcher.go:98.2,98.14 1 1
github.com/jordiprats/iamctl/pkg/cfn/cfn.go:49.52,51.16 2 1
github.com/jordiprats/iamctl/pkg/cfn/cfn.go:51.16,53.3 1 1
github.com/jordiprats/iamctl/pkg/cfn/cfn.go:55.2,56.52 2 1
github.com/jordiprats/iamctl/pkg/cfn/cfn.go:56.52,58.3 1 1
github.com/jordiprats/iamctl/pkg/cfn/cfn.go:59.2,59.19 1 1
github.com/jordiprats/iamctl/pkg/cfn/cfn.go:63.57,65.45 2 1
github.com/jordiprats/iamctl/pkg/cfn/cfn.go:65.45,66.35 1 1
github.com/jordiprats/iamctl/pkg/cfn/cfn.go:66.35,67.12 1 1
github.com/jordiprats/iamctl/pkg/cfn/cfn.go:70.3,71.17 2 1
github.com/jordiprats/iamctl/pkg/cfn/cfn.go:71.17,73.4 1 0
github.com/jordiprats/iamctl/pkg/cfn/cfn.go:75.3,79.5 1 1
github.com/jordiprats/iamctl/pkg/cfn/cfn.go:81.2,81.19 1 1
github.com/jordiprats/iamctl/pkg/cfn/cfn.go:86.71,87.35 1 1
github.com/jordiprats/iamctl/pkg/cfn/cfn.go:87.35,89.3 1 0
github.com/jordiprats/iamctl/pkg/cfn/cfn.go:92.2,93.42 2 1
github.com/jordiprats/iamctl/pkg/cfn/cfn.go:93.42,95.3 1 0
github.com/jordiprats/iamctl/pkg/cfn/cfn.go:97.2,102.46 2 1
github.com/jordiprats/iamctl/pkg/cfn/cfn.go:102.46,103.46 1 1
github.com/jordiprats/iamctl/pkg/cfn/cfn.go:103.46,104.30 1 1
github.com/jordiprats/iamctl/pkg/cfn/cfn.go:104.30,105.32 1 1
github.com/jordiprats/iamctl/pkg/cfn/cfn.go:105.32,106.35 1 1
github.com/jordiprats/iamctl/pkg/cfn/cfn.go:106.35,109.7 1 1
github.com/jordiprats/iamctl/pkg/cfn/cfn.go:109.12,111.7 1 1
github.com/jordiprats/iamctl/pkg/cfn/cfn.go:112.11,115.6 1 1
github.com/jordiprats/iamctl/pkg/cfn/cfn.go:121.2,121.46 1 1
github.com/jordiprats/iamctl/pkg/cfn/cfn.go:121.46,122.31 1 1
github.com/jordiprats/iamctl/pkg/cfn/cfn.go:122.31,123.33 1 1
github.com/jordiprats/iamctl/pkg/cfn/cfn.go:123.33,126.5 1 0
github.com/jordiprats/iamctl/pkg/cfn/cfn.go:126.10,128.5 1 1
github.com/jordiprats/iamctl/pkg/cfn/cfn.go:129.9,132.4 1 1
github.com/jordiprats/iamctl/pkg/cfn/cfn.go:136.2,136.41 1 1
github.com/jordiprats/iamctl/pkg/cfn/cfn.go:136.41,137.53 1 1
github.com/jordiprats/iamctl/pkg/cfn/cfn.go:137.53,138.33 1 1
github.com/jordiprats/iamctl/pkg/cfn/cfn.go:138.33,140.12 2 1
github.com/jordiprats/iamctl/pkg/cfn/cfn.go:140.12,141.14 1 0
github.com/jordiprats/iamctl/pkg/cfn/cfn.go:143.5,144.19 2 1
github.com/jordiprats/iamctl/pkg/cfn/cfn.go:144.19,146.6 1 0
github.com/jordiprats/iamctl/pkg/cfn/cfn.go:147.5,148.12 2 1
github.com/jordiprats/iamctl/pkg/cfn/cfn.go:148.12,149.14 1 0
github.com/jordiprats/iamctl/pkg/cfn/cfn.go:153.5,154.19 2 1
github.com/jordiprats/iamctl/pkg/cfn/cfn.go:154.19,155.14 1 0
github.com/jordiprats/iamctl/pkg/cfn/cfn.go:157.5,158.59 2 1
github.com/jordiprats/iamctl/pkg/cfn/cfn.go:158.59,159.14 1 0
github.com/jordiprats/iamctl/pkg/cfn/cfn.go:161.5,161.37 1 1
github.com/jordiprats/iamctl/pkg/cfn/cfn.go:166.2,166.19 1 1
github.com/jordiprats/iamctl/pkg/cfn/cfn.go:170.70,172.45 2 1
github.com/jordiprats/iamctl/pkg/cfn/cfn.go:172.45,173.78 1 1
github.com/jordiprats/iamctl/pkg/cfn/cfn.go:173.78,174.12 1 1
github.com/jordiprats/iamctl/pkg/cfn/cfn.go:177.3,178.17 2 1
github.com/jordiprats/iamctl/pkg/cfn/cfn.go:178.17,180.4 1 0
github.com/jordiprats/iamctl/pkg/cfn/cfn.go:181.3,181.17 1 1
github.com/jordiprats/iamctl/pkg/cfn/cfn.go:181.17,182.12 1 0
github.com/jordiprats/iamctl/pkg/cfn/cfn.go:185.3,190.5 1 1
github.com/jordiprats/iamctl/pkg/cfn/cfn.go:192.2,192.22 1 1
github.com/jordiprats/iamctl/pkg/cfn/cfn.go:198.82,199.27 1 1
github.com/jordiprats/iamctl/pkg/cfn/cfn.go:200.14,201.16 1 1
github.com/jordiprats/iamctl/pkg/cfn/cfn.go:202.30,203.40 1 1
github.com/jordiprats/iamctl/pkg/cfn/cfn.go:203.40,205.29 2 1
github.com/jordiprats/iamctl/pkg/cfn/cfn.go:205.29,207.5 1 0
github.com/jordiprats/iamctl/pkg/cfn/cfn.go:208.4,209.11 2 1
github.com/jordiprats/iamctl/pkg/cfn/cfn.go:209.11,211.5 1 0
github.com/jordiprats/iamctl/pkg/cfn/cfn.go:212.4,213.11 2 1
github.com/jordiprats/iamctl/pkg/cfn/cfn.go:213.11,215.5 1 0
github.com/jordiprats/iamctl/pkg/cfn/cfn.go:216.4,217.28 2 1
github.com/jordiprats/iamctl/pkg/cfn/cfn.go:217.28,219.19 2 1
github.com/jordiprats/iamctl/pkg/cfn/cfn.go:219.19,221.6 1 0
github.com/jordiprats/iamctl/pkg/cfn/cfn.go:222.5,222.35 1 1
github.com/jordiprats/iamctl/pkg/cfn/cfn.go:224.4,224.43 1 1
github.com/jordiprats/iamctl/pkg/cfn/cfn.go:226.3,226.30 1 1
github.com/jordiprats/iamctl/pkg/cfn/cfn.go:226.30,228.11 2 1
github.com/jordiprats/iamctl/pkg/cfn/cfn.go:228.11,230.5 1 0
github.com/jordiprats/iamctl/pkg/cfn/cfn.go:231.4,231.36 1 1
github.com/jordiprats/iamctl/pkg/cfn/cfn.go:231.36,233.5 1 1
github.com/jordiprats/iamctl/pkg/cfn/cfn.go:234.4,234.56 1 1
github.com/jordiprats/iamctl/pkg/cfn/cfn.go:236.3,236.34 1 1
github.com/jordiprats/iamctl/pkg/cfn/cfn.go:236.34,238.11 2 1
github.com/jordiprats/iamctl/pkg/cfn/cfn.go:238.11,240.5 1 0
github.com/jordiprats/iamctl/pkg/cfn/cfn.go:241.4,242.29 2 1
github.com/jordiprats/iamctl/pkg/cfn/cfn.go:242.29,244.5 1 1
github.com/jordiprats/iamctl/pkg/cfn/cfn.go:245.4,245.22 1 1
github.com/jordiprats/iamctl/pkg/cfn/cfn.go:247.3,247.58 1 0
github.com/jordiprats/iamctl/pkg/cfn/cfn.go:248.10,249.66 1 0
github.com/jordiprats/iamctl/pkg/cfn/cfn.go:254.75,255.35 1 1
github.com/jordiprats/iamctl/pkg/cfn/cfn.go:255.35,257.3 1 0
github.com/jordiprats/iamctl/pkg/cfn/cfn.go:259.2,260.42 2 1
github.com/jordiprats/iamctl/pkg/cfn/cfn.go:260.42,262.3 1 0
github.com/jordiprats/iamctl/pkg/cfn/cfn.go:264.2,265.9 2 1
github.com/jordiprats/iamctl/pkg/cfn/cfn.go:265.9,267.3 1 0
github.com/jordiprats/iamctl/pkg/cfn/cfn.go:269.2,270.16 2 1
github.com/jordiprats/iamctl/pkg/cfn/cfn.go:270.16,272.3 1 0
github.com/jordiprats/iamctl/pkg/cfn/cfn.go:274.2,275.56 2 1
github.com/jordiprats/iamctl/pkg/cfn/cfn.go:275.56,277.3 1 0
github.com/jordiprats/iamctl/pkg/cfn/cfn.go:279.2,279.18 1 1
github.com/jordiprats/iamctl/pkg/awsiam/aws.go:91.75,95.19 4 0
github.com/jordiprats/iamctl/pkg/awsiam/aws.go:95.19,97.3 1 0
github.com/jordiprats/iamctl/pkg/awsiam/aws.go:98.2,99.16 2 0
github.com/jordiprats/iamctl/pkg/awsiam/aws.go:99.16,101.3 1 0
github.com/jordiprats/iamctl/pkg/awsiam/aws.go:102.2,102.36 1 0
github.com/jordiprats/iamctl/pkg/awsiam/aws.go:107.89,111.19 4 0
github.com/jordiprats/iamctl/pkg/awsiam/aws.go:111.19,113.3 1 0
github.com/jordiprats/iamctl/pkg/awsiam/aws.go:114.2,115.16 2 0
github.com/jordiprats/iamctl/pkg/awsiam/aws.go:115.16,117.3 1 0
github.com/jordiprats/iamctl/pkg/awsiam/aws.go:119.2,121.16 3 0
github.com/jordiprats/iamctl/pkg/awsiam/aws.go:121.16,123.3 1 0
github.com/jordiprats/iamctl/pkg/awsiam/aws.go:125.2,129.20 2 0
github.com/jordiprats/iamctl/pkg/awsiam/aws.go:133.118,137.16 2 1
github.com/jordiprats/iamctl/pkg/awsiam/aws.go:137.16,139.3 1 1
github.com/jordiprats/iamctl/pkg/awsiam/aws.go:141.2,141.45 1 1
github.com/jordiprats/iamctl/pkg/awsiam/aws.go:141.45,143.3 1 1
github.com/jordiprats/iamctl/pkg/awsiam/aws.go:145.2,152.16 4 1
github.com/jordiprats/iamctl/pkg/awsiam/aws.go:152.16,154.3 1 1
github.com/jordiprats/iamctl/pkg/awsiam/aws.go:156.2,160.16 2 1
github.com/jordiprats/iamctl/pkg/awsiam/aws.go:160.16,162.3 1 1
github.com/jordiprats/iamctl/pkg/awsiam/aws.go:164.2,165.16 2 1
github.com/jordiprats/iamctl/pkg/awsiam/aws.go:165.16,167.3 1 0
github.com/jordiprats/iamctl/pkg/awsiam/aws.go:169.2,170.61 2 1
github.com/jordiprats/iamctl/pkg/awsiam/aws.go:170.61,172.3 1 0
github.com/jordiprats/iamctl/pkg/awsiam/aws.go:174.2,177.8 1 1
github.com/jordiprats/iamctl/pkg/awsiam/aws.go:181.122,187.6 3 1
github.com/jordiprats/iamctl/pkg/awsiam/aws.go:187.6,192.17 2 1
github.com/jordiprats/iamctl/pkg/awsiam/aws.go:192.17,194.4 1 1
github.com/jordiprats/iamctl/pkg/awsiam/aws.go:195.3,195.42 1 1
github.com/jordiprats/iamctl/pkg/awsiam/aws.go:195.42,200.4 1 1
github.com/jordiprats/iamctl/pkg/awsiam/aws.go:201.3,201.23 1 1
github.com/jordiprats/iamctl/pkg/awsiam/aws.go:201.23,202.9 1 1
github.com/jordiprats/iamctl/pkg/awsiam/aws.go:204.3,204.22 1 1
github.com/jordiprats/iamctl/pkg/awsiam/aws.go:207.2,208.31 2 1
github.com/jordiprats/iamctl/pkg/awsiam/aws.go:208.31,210.17 2 1
github.com/jordiprats/iamctl/pkg/awsiam/aws.go:210.17,212.4 1 1
github.com/jordiprats/iamctl/pkg/awsiam/aws.go:213.3,213.24 1 1
github.com/jordiprats/iamctl/pkg/awsiam/aws.go:216.2,216.20 1 1
github.com/jordiprats/iamctl/pkg/awsiam/aws.go:221.128,224.6 3 1
github.com/jordiprats/iamctl/pkg/awsiam/aws.go:224.6,229.17 2 1
github.com/jordiprats/iamctl/pkg/awsiam/aws.go:229.17,231.4 1 0
github.com/jordiprats/iamctl/pkg/awsiam/aws.go:232.3,233.23 2 1
github.com/jordiprats/iamctl/pkg/awsiam/aws.go:233.23,234.9 1 1
github.com/jordiprats/iamctl/pkg/awsiam/aws.go:236.3,236.22 1 1
github.com/jordiprats/iamctl/pkg/awsiam/aws.go:239.2,240.29 2 1
github.com/jordiprats/iamctl/pkg/awsiam/aws.go:240.29,246.17 3 1
github.com/jordiprats/iamctl/pkg/awsiam/aws.go:246.17,248.4 1 0
github.com/jordiprats/iamctl/pkg/awsiam/aws.go:249.3,250.17 2 1
github.com/jordiprats/iamctl/pkg/awsiam/aws.go:250.17,252.4 1 0
github.com/jordiprats/iamctl/pkg/awsiam/aws.go:253.3,254.62 2 1
github.com/jordiprats/iamctl/pkg/awsiam/aws.go:254.62,256.4 1 0
github.com/jordiprats/iamctl/pkg/awsiam/aws.go:257.3,257.21 1 1
github.com/jordiprats/iamctl/pkg/awsiam/aws.go:259.2,259.20 1 1
github.com/jordiprats/iamctl/pkg/awsiam/aws.go:263.130,265.16 2 0
github.com/jordiprats/iamctl/pkg/awsiam/aws.go:265.16,267.3 1 0
github.com/jordiprats/iamctl/pkg/awsiam/aws.go:268.2,271.8 1 0
github.com/jordiprats/iamctl/pkg/awsiam/aws.go:275.114,279.16 2 1
github.com/jordiprats/iamctl/pkg/awsiam/aws.go:279.16,281.3 1 1
github.com/jordiprats/iamctl/pkg/awsiam/aws.go:283.2,287.16 2 1
github.com/jordiprats/iamctl/pkg/awsiam/aws.go:287.16,289.3 1 1
github.com/jordiprats/iamctl/pkg/awsiam/aws.go:291.2,292.16 2 1
github.com/jordiprats/iamctl/pkg/awsiam/aws.go:292.16,294.3 1 0
github.com/jordiprats/iamctl/pkg/awsiam/aws.go:296.2,297.61 2 1
github.com/jordiprats/iamctl/pkg/awsiam/aws.go:297.61,299.3 1 0
github.com/jordiprats/iamctl/pkg/awsiam/aws.go:301.2,301.18 1 1
github.com/jordiprats/iamctl/pkg/awsiam/aws.go:305.101,307.16 2 1
github.com/jordiprats/iamctl/pkg/awsiam/aws.go:307.16,309.3 1 0
github.com/jordiprats/iamctl/pkg/awsiam/aws.go:310.2,310.118 1 1
github.com/jordiprats/iamctl/pkg/awsiam/aws.go:310.118,312.3 1 0
github.com/jordiprats/iamctl/pkg/awsiam/aws.go:314.2,321.44 2 1
github.com/jordiprats/iamctl/pkg/awsiam/aws.go:321.44,323.3 1 1
github.com/jordiprats/iamctl/pkg/awsiam/aws.go:324.2,324.87 1 1
github.com/jordiprats/iamctl/pkg/awsiam/aws.go:324.87,327.3 2 1
github.com/jordiprats/iamctl/pkg/awsiam/aws.go:329.2,330.21 2 1
github.com/jordiprats/iamctl/pkg/awsiam/aws.go:330.21,336.3 1 1
github.com/jordiprats/iamctl/pkg/awsiam/aws.go:338.2,340.6 3 1
github.com/jordiprats/iamctl/pkg/awsiam/aws.go:340.6,342.17 2 1
github.com/jordiprats/iamctl/pkg/awsiam/aws.go:342.17,344.4 1 0
github.com/jordiprats/iamctl/pkg/awsiam/aws.go:345.3,345.42 1 1
github.com/jordiprats/iamctl/pkg/awsiam/aws.go:345.42,346.49 1 1
github.com/jordiprats/iamctl/pkg/awsiam/aws.go:346.49,348.5 1 1
github.com/jordiprats/iamctl/pkg/awsiam/aws.go:350.3,350.23 1 1
github.com/jordiprats/iamctl/pkg/awsiam/aws.go:350.23,351.9 1 1
github.com/jordiprats/iamctl/pkg/awsiam/aws.go:353.3,353.22 1 0
github.com/jordiprats/iamctl/pkg/awsiam/aws.go:355.2,355.43 1 1
github.com/jordiprats/iamctl/pkg/awsiam/aws.go:355.43,357.3 1 0
github.com/jordiprats/iamctl/pkg/awsiam/aws.go:358.2,362.6 4 1
github.com/jordiprats/iamctl/pkg/awsiam/aws.go:362.6,364.17 2 1
github.com/jordiprats/iamctl/pkg/awsiam/aws.go:364.17,366.4 1 1
github.com/jordiprats/iamctl/pkg/awsiam/aws.go:367.3,368.23 2 1
github.com/jordiprats/iamctl/pkg/awsiam/aws.go:368.23,369.9 1 1
github.com/jordiprats/iamctl/pkg/awsiam/aws.go:371.3,371.22 1 0
github.com/jordiprats/iamctl/pkg/awsiam/aws.go:373.2,375.41 2 1
github.com/jordiprats/iamctl/pkg/awsiam/aws.go:375.41,377.17 2 1
github.com/jordiprats/iamctl/pkg/awsiam/aws.go:377.17,379.4 1 0
github.com/jordiprats/iamctl/pkg/awsiam/aws.go:380.3,380.32 1 1
github.com/jordiprats/iamctl/pkg/awsiam/aws.go:380.32,381.12 1 0
github.com/jordiprats/iamctl/pkg/awsiam/aws.go:383.3,384.17 2 1
github.com/jordiprats/iamctl/pkg/awsiam/aws.go:384.17,386.4 1 0
github.com/jordiprats/iamctl/pkg/awsiam/aws.go:387.3,388.62 2 1
github.com/jordiprats/iamctl/pkg/awsiam/aws.go:388.62,390.4 1 0
github.com/jordiprats/iamctl/pkg/awsiam/aws.go:391.3,391.40 1 1
github.com/jordiprats/iamctl/pkg/awsiam/aws.go:394.2,394.18 1 1
github.com/jordiprats/iamctl/pkg/awsiam/aws.go:398.113,400.16 2 1
github.com/jordiprats/iamctl/pkg/awsiam/aws.go:400.16,402.3 1 0
github.com/jordiprats/iamctl/pkg/awsiam/aws.go:403.2,403.142 1 1
github.com/jordiprats/iamctl/pkg/awsiam/aws.go:403.142,405.3 1 0
github.com/jordiprats/iamctl/pkg/awsiam/aws.go:407.2,408.16 2 1
github.com/jordiprats/iamctl/pkg/awsiam/aws.go:408.16,410.3 1 1
github.com/jordiprats/iamctl/pkg/awsiam/aws.go:411.2,411.81 1 1
github.com/jordiprats/iamctl/pkg/awsiam/aws.go:411.81,413.3 1 0
github.com/jordiprats/iamctl/pkg/awsiam/aws.go:415.2,416.16 2 1
github.com/jordiprats/iamctl/pkg/awsiam/aws.go:416.16,418.3 1 0
github.com/jordiprats/iamctl/pkg/awsiam/aws.go:419.2,420.61 2 1
github.com/jordiprats/iamctl/pkg/awsiam/aws.go:420.61,422.3 1 0
github.com/jordiprats/iamctl/pkg/awsiam/aws.go:424.2,431.41 2 1
github.com/jordiprats/iamctl/pkg/awsiam/aws.go:431.41,433.3 1 1
github.com/jordiprats/iamctl/pkg/awsiam/aws.go:434.2,434.34 1 1
github.com/jordiprats/iamctl/pkg/awsiam/aws.go:434.34,436.3 1 1
github.com/jordiprats/iamctl/pkg/awsiam/aws.go:437.2,437.40 1 1
github.com/jordiprats/iamctl/pkg/awsiam/aws.go:437.40,440.3 2 1
github.com/jordiprats/iamctl/pkg/awsiam/aws.go:441.2,441.40 1 1
github.com/jordiprats/iamctl/pkg/awsiam/aws.go:441.40,444.3 2 1
github.com/jordiprats/iamctl/pkg/awsiam/aws.go:446.2,446.18 1 1
github.com/jordiprats/iamctl/pkg/awsiam/aws.go:449.57,451.20 2 1
github.com/jordiprats/iamctl/pkg/awsiam/aws.go:451.20,453.3 1 0
github.com/jordiprats/iamctl/pkg/awsiam/aws.go:454.2,454.17 1 1
github.com/jordiprats/iamctl/pkg/awsiam/aws.go:458.132,460.18 2 1
github.com/jordiprats/iamctl/pkg/awsiam/aws.go:460.18,462.3 1 0
github.com/jordiprats/iamctl/pkg/awsiam/aws.go:464.2,466.6 3 1
github.com/jordiprats/iamctl/pkg/awsiam/aws.go:466.6,468.17 2 1
github.com/jordiprats/iamctl/pkg/awsiam/aws.go:468.17,470.4 1 1
github.com/jordiprats/iamctl/pkg/awsiam/aws.go:472.3,472.34 1 1
github.com/jordiprats/iamctl/pkg/awsiam/aws.go:472.34,473.47 1 1
github.com/jordiprats/iamctl/pkg/awsiam/aws.go:473.47,474.13 1 0
github.com/jordiprats/iamctl/pkg/awsiam/aws.go:476.4,476.65 1 1
github.com/jordiprats/iamctl/pkg/awsiam/aws.go:476.65,478.74 2 1
github.com/jordiprats/iamctl/pkg/awsiam/aws.go:478.74,481.6 2 1
github.com/jordiprats/iamctl/pkg/awsiam/aws.go:483.5,483.39 1 1
github.com/jordiprats/iamctl/pkg/awsiam/aws.go:483.39,484.74 1 1
github.com/jordiprats/iamctl/pkg/awsiam/aws.go:484.74,485.15 1 1
github.com/jordiprats/iamctl/pkg/awsiam/aws.go:489.5,489.101 1 1
github.com/jordiprats/iamctl/pkg/awsiam/aws.go:493.3,493.23 1 1
github.com/jordiprats/iamctl/pkg/awsiam/aws.go:493.23,494.9 1 1
github.com/jordiprats/iamctl/pkg/awsiam/aws.go:496.3,496.22 1 1
github.com/jordiprats/iamctl/pkg/awsiam/aws.go:499.2,499.40 1 1
github.com/jordiprats/iamctl/pkg/awsiam/aws.go:499.40,501.3 1 1
github.com/jordiprats/iamctl/pkg/awsiam/aws.go:503.2,503.19 1 1
github.com/jordiprats/iamctl/pkg/awsiam/aws.go:508.185,510.18 2 1
github.com/jordiprats/iamctl/pkg/awsiam/aws.go:510.18,512.3 1 0
github.com/jordiprats/iamctl/pkg/awsiam/aws.go:513.2,518.6 5 1
github.com/jordiprats/iamctl/pkg/awsiam/aws.go:518.6,520.17 2 1
github.com/jordiprats/iamctl/pkg/awsiam/aws.go:520.17,522.4 1 1
github.com/jordiprats/iamctl/pkg/awsiam/aws.go:524.3,524.34 1 1
github.com/jordiprats/iamctl/pkg/awsiam/aws.go:524.34,525.43 1 1
github.com/jordiprats/iamctl/pkg/awsiam/aws.go:525.43,526.13 1 0
github.com/jordiprats/iamctl/pkg/awsiam/aws.go:528.4,528.64 1 1
github.com/jordiprats/iamctl/pkg/awsiam/aws.go:528.64,530.29 2 1
github.com/jordiprats/iamctl/pkg/awsiam/aws.go:530.29,532.6 1 1
github.com/jordiprats/iamctl/pkg/awsiam/aws.go:534.5,535.77 2 1
github.com/jordiprats/iamctl/pkg/awsiam/aws.go:535.77,536.14 1 1
github.com/jordiprats/iamctl/pkg/awsiam/aws.go:538.5,538.82 1 1
github.com/jordiprats/iamctl/pkg/awsiam/aws.go:538.82,539.14 1 1
github.com/jordiprats/iamctl/pkg/awsiam/aws.go:542.5,542.114 1 1
github.com/jordiprats/iamctl/pkg/awsiam/aws.go:546.3,546.23 1 1
github.com/jordiprats/iamctl/pkg/awsiam/aws.go:546.23,547.9 1 1
github.com/jordiprats/iamctl/pkg/awsiam/aws.go:549.3,549.22 1 0
github.com/jordiprats/iamctl/pkg/awsiam/aws.go:552.2,552.43 1 1
github.com/jordiprats/iamctl/pkg/awsiam/aws.go:552.43,554.3 1 1
github.com/jordiprats/iamctl/pkg/awsiam/aws.go:556.2,556.22 1 1
github.com/jordiprats/iamctl/pkg/policy/policy.go:72.34,75.21 3 0
github.com/jordiprats/iamctl/pkg/policy/policy.go:75.21,78.3 2 0
github.com/jordiprats/iamctl/pkg/policy/policy.go:79.2,79.38 1 0
github.com/jordiprats/iamctl/pkg/policy/policy.go:79.38,81.3 1 0
github.com/jordiprats/iamctl/pkg/policy/policy.go:82.2,82.33 1 0
github.com/jordiprats/iamctl/pkg/policy/policy.go:86.55,87.17 1 0
github.com/jordiprats/iamctl/pkg/policy/policy.go:87.17,89.3 1 0
github.com/jordiprats/iamctl/pkg/policy/policy.go:90.2,90.26 1 0
github.com/jordiprats/iamctl/pkg/policy/policy.go:94.58,102.37 7 1
github.com/jordiprats/iamctl/pkg/policy/policy.go:102.37,103.28 1 1
github.com/jordiprats/iamctl/pkg/policy/policy.go:103.28,105.4 1 1
github.com/jordiprats/iamctl/pkg/policy/policy.go:106.3,106.30 1 1
github.com/jordiprats/iamctl/pkg/policy/policy.go:106.30,108.4 1 1
github.com/jordiprats/iamctl/pkg/policy/policy.go:110.3,110.28 1 1
github.com/jordiprats/iamctl/pkg/policy/policy.go:110.28,117.12 2 1
github.com/jordiprats/iamctl/pkg/policy/policy.go:120.3,120.25 1 1
github.com/jordiprats/iamctl/pkg/policy/policy.go:120.25,121.12 1 1
github.com/jordiprats/iamctl/pkg/policy/policy.go:124.3,125.28 2 1
github.com/jordiprats/iamctl/pkg/policy/policy.go:125.28,127.4 1 1
github.com/jordiprats/iamctl/pkg/policy/policy.go:129.3,129.40 1 1
github.com/jordiprats/iamctl/pkg/policy/policy.go:130.15,131.41 1 1
github.com/jordiprats/iamctl/pkg/policy/policy.go:131.41,133.5 1 1
github.com/jordiprats/iamctl/pkg/policy/policy.go:134.4,134.26 1 1
github.com/jordiprats/iamctl/pkg/policy/policy.go:135.22,136.35 1 1
github.com/jordiprats/iamctl/pkg/policy/policy.go:136.35,137.37 1 1
github.com/jordiprats/iamctl/pkg/policy/policy.go:137.37,138.37 1 1
github.com/jordiprats/iamctl/pkg/policy/policy.go:138.37,140.7 1 0
github.com/jordiprats/iamctl/pkg/policy/policy.go:141.6,141.22 1 1
github.com/jordiprats/iamctl/pkg/policy/policy.go:147.2,148.26 2 1
github.com/jordiprats/iamctl/pkg/policy/policy.go:148.26,150.3 1 1
github.com/jordiprats/iamctl/pkg/policy/policy.go:151.2,151.25 1 1
github.com/jordiprats/iamctl/pkg/policy/policy.go:151.25,153.3 1 1
github.com/jordiprats/iamctl/pkg/policy/policy.go:154.2,164.3 3 1
github.com/jordiprats/iamctl/pkg/policy/policy.go:168.68,170.16 2 1
github.com/jordiprats/iamctl/pkg/policy/policy.go:170.16,172.3 1 1
github.com/jordiprats/iamctl/pkg/policy/policy.go:173.2,174.28 2 1
github.com/jordiprats/iamctl/pkg/policy/policy.go:174.28,179.3 1 1
github.com/jordiprats/iamctl/pkg/policy/policy.go:180.2,180.39 1 1
github.com/jordiprats/iamctl/pkg/policy/policy.go:180.39,186.3 1 1
github.com/jordiprats/iamctl/pkg/policy/policy.go:187.2,187.29 1 1
github.com/jordiprats/iamctl/pkg/policy/policy.go:187.29,191.3 1 1
github.com/jordiprats/iamctl/pkg/policy/policy.go:192.2,192.31 1 1
github.com/jordiprats/iamctl/pkg/policy/policy.go:192.31,195.3 1 1
github.com/jordiprats/iamctl/pkg/policy/policy.go:196.2,196.17 1 1
github.com/jordiprats/iamctl/pkg/policy/policy.go:200.47,201.14 1 1
github.com/jordiprats/iamctl/pkg/policy/policy.go:201.14,203.3 1 1
github.com/jordiprats/iamctl/pkg/policy/policy.go:204.2,204.10 1 1
